Archive member included to satisfy reference by file (symbol)

c:/program files (x86)/gnu tools arm embedded/5.4 2016q2/bin/../lib/gcc/arm-none-eabi/5.4.1/../../../../arm-none-eabi/lib/armv7e-m/fpu\libm.a(lib_a-s_cos.o)
                              ..\obj\GPS.o (cos)
c:/program files (x86)/gnu tools arm embedded/5.4 2016q2/bin/../lib/gcc/arm-none-eabi/5.4.1/../../../../arm-none-eabi/lib/armv7e-m/fpu\libm.a(lib_a-s_sin.o)
                              ..\obj\GPS.o (sin)
c:/program files (x86)/gnu tools arm embedded/5.4 2016q2/bin/../lib/gcc/arm-none-eabi/5.4.1/../../../../arm-none-eabi/lib/armv7e-m/fpu\libm.a(lib_a-sf_cos.o)
                              ..\obj\UKF_lib.o (cosf)
c:/program files (x86)/gnu tools arm embedded/5.4 2016q2/bin/../lib/gcc/arm-none-eabi/5.4.1/../../../../arm-none-eabi/lib/armv7e-m/fpu\libm.a(lib_a-sf_sin.o)
                              ..\obj\UKF_lib.o (sinf)
c:/program files (x86)/gnu tools arm embedded/5.4 2016q2/bin/../lib/gcc/arm-none-eabi/5.4.1/../../../../arm-none-eabi/lib/armv7e-m/fpu\libm.a(lib_a-w_pow.o)
                              ..\obj\GPS.o (pow)
c:/program files (x86)/gnu tools arm embedded/5.4 2016q2/bin/../lib/gcc/arm-none-eabi/5.4.1/../../../../arm-none-eabi/lib/armv7e-m/fpu\libm.a(lib_a-w_sqrt.o)
                              ..\obj\GPS.o (sqrt)
c:/program files (x86)/gnu tools arm embedded/5.4 2016q2/bin/../lib/gcc/arm-none-eabi/5.4.1/../../../../arm-none-eabi/lib/armv7e-m/fpu\libm.a(lib_a-wf_asin.o)
                              ..\obj\UKF_lib.o (asinf)
c:/program files (x86)/gnu tools arm embedded/5.4 2016q2/bin/../lib/gcc/arm-none-eabi/5.4.1/../../../../arm-none-eabi/lib/armv7e-m/fpu\libm.a(lib_a-wf_atan2.o)
                              ..\obj\USART_TELEMETRY.o (atan2f)
c:/program files (x86)/gnu tools arm embedded/5.4 2016q2/bin/../lib/gcc/arm-none-eabi/5.4.1/../../../../arm-none-eabi/lib/armv7e-m/fpu\libm.a(lib_a-wf_pow.o)
                              ..\obj\UKF_lib.o (powf)
c:/program files (x86)/gnu tools arm embedded/5.4 2016q2/bin/../lib/gcc/arm-none-eabi/5.4.1/../../../../arm-none-eabi/lib/armv7e-m/fpu\libm.a(lib_a-wf_sqrt.o)
                              ..\obj\arm_rms_f32.o (sqrtf)
c:/program files (x86)/gnu tools arm embedded/5.4 2016q2/bin/../lib/gcc/arm-none-eabi/5.4.1/../../../../arm-none-eabi/lib/armv7e-m/fpu\libm.a(lib_a-e_pow.o)
                              c:/program files (x86)/gnu tools arm embedded/5.4 2016q2/bin/../lib/gcc/arm-none-eabi/5.4.1/../../../../arm-none-eabi/lib/armv7e-m/fpu\libm.a(lib_a-w_pow.o) (__ieee754_pow)
c:/program files (x86)/gnu tools arm embedded/5.4 2016q2/bin/../lib/gcc/arm-none-eabi/5.4.1/../../../../arm-none-eabi/lib/armv7e-m/fpu\libm.a(lib_a-e_rem_pio2.o)
                              c:/program files (x86)/gnu tools arm embedded/5.4 2016q2/bin/../lib/gcc/arm-none-eabi/5.4.1/../../../../arm-none-eabi/lib/armv7e-m/fpu\libm.a(lib_a-s_cos.o) (__ieee754_rem_pio2)
c:/program files (x86)/gnu tools arm embedded/5.4 2016q2/bin/../lib/gcc/arm-none-eabi/5.4.1/../../../../arm-none-eabi/lib/armv7e-m/fpu\libm.a(lib_a-e_sqrt.o)
                              c:/program files (x86)/gnu tools arm embedded/5.4 2016q2/bin/../lib/gcc/arm-none-eabi/5.4.1/../../../../arm-none-eabi/lib/armv7e-m/fpu\libm.a(lib_a-w_sqrt.o) (__ieee754_sqrt)
c:/program files (x86)/gnu tools arm embedded/5.4 2016q2/bin/../lib/gcc/arm-none-eabi/5.4.1/../../../../arm-none-eabi/lib/armv7e-m/fpu\libm.a(lib_a-ef_asin.o)
                              c:/program files (x86)/gnu tools arm embedded/5.4 2016q2/bin/../lib/gcc/arm-none-eabi/5.4.1/../../../../arm-none-eabi/lib/armv7e-m/fpu\libm.a(lib_a-wf_asin.o) (__ieee754_asinf)
c:/program files (x86)/gnu tools arm embedded/5.4 2016q2/bin/../lib/gcc/arm-none-eabi/5.4.1/../../../../arm-none-eabi/lib/armv7e-m/fpu\libm.a(lib_a-ef_atan2.o)
                              c:/program files (x86)/gnu tools arm embedded/5.4 2016q2/bin/../lib/gcc/arm-none-eabi/5.4.1/../../../../arm-none-eabi/lib/armv7e-m/fpu\libm.a(lib_a-wf_atan2.o) (__ieee754_atan2f)
c:/program files (x86)/gnu tools arm embedded/5.4 2016q2/bin/../lib/gcc/arm-none-eabi/5.4.1/../../../../arm-none-eabi/lib/armv7e-m/fpu\libm.a(lib_a-ef_pow.o)
                              c:/program files (x86)/gnu tools arm embedded/5.4 2016q2/bin/../lib/gcc/arm-none-eabi/5.4.1/../../../../arm-none-eabi/lib/armv7e-m/fpu\libm.a(lib_a-wf_pow.o) (__ieee754_powf)
c:/program files (x86)/gnu tools arm embedded/5.4 2016q2/bin/../lib/gcc/arm-none-eabi/5.4.1/../../../../arm-none-eabi/lib/armv7e-m/fpu\libm.a(lib_a-ef_rem_pio2.o)
                              c:/program files (x86)/gnu tools arm embedded/5.4 2016q2/bin/../lib/gcc/arm-none-eabi/5.4.1/../../../../arm-none-eabi/lib/armv7e-m/fpu\libm.a(lib_a-sf_cos.o) (__ieee754_rem_pio2f)
c:/program files (x86)/gnu tools arm embedded/5.4 2016q2/bin/../lib/gcc/arm-none-eabi/5.4.1/../../../../arm-none-eabi/lib/armv7e-m/fpu\libm.a(lib_a-ef_sqrt.o)
[...]
Memory Configuration

Name             Origin             Length             Attributes
rom              0x08000000         0x00100000         xr
ram              0x20000000         0x00020000         xrw
ram1             0x10000000         0x00010000         xrw
*default*        0x00000000         0xffffffff

Linker script and memory map

                0x20020000                _eram = 0x20020000

.text           0x08000000    0x1878c
 *(.isr_vector)
 .isr_vector    0x08000000      0x188 ..\obj\startup_stm32f4xx.o
                0x08000000                g_pfnVectors
 *(.text*)
 .text.prvInsertBlockIntoFreeList
                0x08000188       0x54 ..\obj\heap_4.o
 .text.pvPortMalloc
                0x080001dc      0x104 ..\obj\heap_4.o
                0x080001dc                pvPortMalloc
 .text.vPortFree
                0x080002e0       0x4c ..\obj\heap_4.o
                0x080002e0                vPortFree
 .text.xPortGetFreeHeapSize
                0x0800032c        0xc ..\obj\heap_4.o
                0x0800032c                xPortGetFreeHeapSize
 .text.SYSCFG_EXTILineConfig
                0x08000338       0x30 ..\obj\stm32f4xx_syscfg.o
                0x08000338                SYSCFG_EXTILineConfig
 .text.USART_Init
                0x08000368       0xc0 ..\obj\stm32f4xx_usart.o
                0x08000368                USART_Init
 .text.USART_Cmd
                0x08000428       0x1c ..\obj\stm32f4xx_usart.o
                0x08000428                USART_Cmd
 .text.USART_SendData
                0x08000444        0x8 ..\obj\stm32f4xx_usart.o
                0x08000444                USART_SendData
 .text.USART_ReceiveData
                0x0800044c        0x8 ..\obj\stm32f4xx_usart.o
                0x0800044c                USART_ReceiveData
 .text.USART_ITConfig
                0x08000454       0x38 ..\obj\stm32f4xx_usart.o
                0x08000454                USART_ITConfig
 .text.USART_GetFlagStatus
                0x0800048c        0xc ..\obj\stm32f4xx_usart.o
                0x0800048c                USART_GetFlagStatus
 .text.USART_GetITStatus
                0x08000498       0x48 ..\obj\stm32f4xx_usart.o
                0x08000498                USART_GetITStatus
 .text.USART_ClearITPendingBit
                0x080004e0       0x10 ..\obj\stm32f4xx_usart.o
                0x080004e0                USART_ClearITPendingBit
 .text.USART_INIT_BLuetooth
                0x080004f0       0xe8 ..\obj\USART_TELEMETRY.o
                0x080004f0                USART_INIT_BLuetooth
 .text.USART_INIT_Frsky
                0x080005d8       0xb8 ..\obj\USART_TELEMETRY.o
                0x080005d8                USART_INIT_Frsky
 .text.USART2_IRQHandler
                0x08000690      0x398 ..\obj\USART_TELEMETRY.o
                0x08000690                USART2_IRQHandler
 .text.UART4_IRQHandler
                0x08000a28       0xa4 ..\obj\USART_TELEMETRY.o
                0x08000a28                UART4_IRQHandler
 .text.send_str_irq_Bluetooth
                0x08000acc       0x3c ..\obj\USART_TELEMETRY.o
                0x08000acc                send_str_irq_Bluetooth
 .text.send_str_irq_Frsky
                0x08000b08       0x3c ..\obj\USART_TELEMETRY.o
                0x08000b08                send_str_irq_Frsky
 .text.Parcel_to_comp
                0x08000b44       0xe4 ..\obj\USART_TELEMETRY.o
                0x08000b44                Parcel_to_comp
 .text.addBufferData
                0x08000c28      0xf3c ..\obj\USART_TELEMETRY.o
                0x08000c28                addBufferData
 .text.FrSkysendFrSky5Hz
                0x08001b64       0x80 ..\obj\USART_TELEMETRY.o
                0x08001b64                FrSkysendFrSky5Hz
 .text.FrSkysendFrSky1Hz
                0x08001be4       0x6c ..\obj\USART_TELEMETRY.o
                0x08001be4                FrSkysendFrSky1Hz
 .text.prvParcel_to_Comp
                0x08001c50       0xb4 ..\obj\USART_TELEMETRY.o
                0x08001c50                prvParcel_to_Comp
 .text.EXTI0_IRQHandler
                0x08001d04       0x44 ..\obj\MPU6500.o
                0x08001d04                EXTI0_IRQHandler
 .text.SPI1_IRQHandler
                0x08001d48       0xa8 ..\obj\MPU6500.o
                0x08001d48                SPI1_IRQHandler
 .text.SPI_Init_MPU
                0x08001df0       0xd8 ..\obj\MPU6500.o
                0x08001df0                SPI_Init_MPU
 .text.EXTI_Init_MPU6500
                0x08001ec8       0x6c ..\obj\MPU6500.o
                0x08001ec8                EXTI_Init_MPU6500
 .text.spi_transfer
                0x08001f34       0x2c ..\obj\MPU6500.o
                0x08001f34                spi_transfer
 .text.spi_recieve
                0x08001f60        0xc ..\obj\MPU6500.o
                0x08001f60                spi_recieve
 .text.SPI_read_register
                0x08001f6c       0x2c ..\obj\MPU6500.o
                0x08001f6c                SPI_read_register
 .text.SPI_write_register
                0x08001f98       0x2c ..\obj\MPU6500.o
                0x08001f98                SPI_write_register
 .text.SPI_write_bits
                0x08001fc4       0x50 ..\obj\MPU6500.o
                0x08001fc4                SPI_write_bits
 .text.MPU_Init
                0x08002014       0xcc ..\obj\MPU6500.o
                0x08002014                MPU_Init
 .text.MPU6500_Init_Full
                0x080020e0       0xd4 ..\obj\MPU6500.o
                0x080020e0                MPU6500_Init_Full
 .text.arm_std_f32
                0x080021b4       0xe8 ..\obj\arm_std_f32.o
                0x080021b4                arm_std_f32
 .text.Default_Reset_Handler
                0x0800229c       0x60 ..\obj\startup_stm32f4xx.o
                0x0800229c                Default_Reset_Handler
                0x0800229c                Reset_Handler
 .text.Default_Handler
                0x080022fc        0x8 ..\obj\startup_stm32f4xx.o
                0x080022fc                RTC_Alarm_IRQHandler
                0x080022fc                HASH_RNG_IRQHandler
                0x080022fc                EXTI2_IRQHandler
                0x080022fc                TIM8_CC_IRQHandler
                0x080022fc                DebugMon_Handler
                0x080022fc                TIM1_CC_IRQHandler
                0x080022fc                DMA2_Stream5_IRQHandler
                0x080022fc                HardFault_Handler
                0x080022fc                DMA1_Stream5_IRQHandler
                0x080022fc                PVD_IRQHandler
                0x080022fc                SDIO_IRQHandler
                0x080022fc                TAMP_STAMP_IRQHandler
                0x080022fc                NMI_Handler
                0x080022fc                CAN2_RX1_IRQHandler
                0x080022fc                EXTI3_IRQHandler
                0x080022fc                TIM8_TRG_COM_TIM14_IRQHandler
                0x080022fc                TIM1_UP_TIM10_IRQHandler
                0x080022fc                TIM8_UP_TIM13_IRQHandler
                0x080022fc                I2C3_ER_IRQHandler
                0x080022fc                DMA1_Stream2_IRQHandler
                0x080022fc                CAN1_RX0_IRQHandler
                0x080022fc                FPU_IRQHandler
                0x080022fc                OTG_HS_WKUP_IRQHandler
                0x080022fc                UsageFault_Handler
                0x080022fc                CAN2_SCE_IRQHandler
                0x080022fc                DMA2_Stream2_IRQHandler
                0x080022fc                TIM6_DAC_IRQHandler
                0x080022fc                TIM1_BRK_TIM9_IRQHandler
                0x080022fc                DCMI_IRQHandler
                0x080022fc                CAN2_RX0_IRQHandler
                0x080022fc                DMA2_Stream3_IRQHandler
                0x080022fc                USART6_IRQHandler
                0x080022fc                CRYP_IRQHandler
                0x080022fc                CAN1_RX1_IRQHandler
                0x080022fc                UART5_IRQHandler
                0x080022fc                DMA2_Stream0_IRQHandler
                0x080022fc                I2C1_EV_IRQHandler
                0x080022fc                DMA1_Stream6_IRQHandler
                0x080022fc                DMA1_Stream1_IRQHandler
                0x080022fc                TIM3_IRQHandler
                0x080022fc                RCC_IRQHandler
                0x080022fc                TIM8_BRK_TIM12_IRQHandler
                0x080022fc                EXTI15_10_IRQHandler
                0x080022fc                ADC_IRQHandler
                0x080022fc                DMA1_Stream7_IRQHandler
                0x080022fc                TIM7_IRQHandler
                0x080022fc                CAN2_TX_IRQHandler
                0x080022fc                TIM5_IRQHandler
                0x080022fc                DMA2_Stream7_IRQHandler
                0x080022fc                I2C3_EV_IRQHandler
                0x080022fc                EXTI9_5_IRQHandler
                0x080022fc                RTC_WKUP_IRQHandler
                0x080022fc                ETH_WKUP_IRQHandler
                0x080022fc                SPI2_IRQHandler
                0x080022fc                OTG_HS_EP1_IN_IRQHandler
                0x080022fc                MemManage_Handler
                0x080022fc                DMA1_Stream0_IRQHandler
                0x080022fc                CAN1_TX_IRQHandler
                0x080022fc                EXTI4_IRQHandler
                0x080022fc                FSMC_IRQHandler
                0x080022fc                ETH_IRQHandler
                0x080022fc                OTG_HS_EP1_OUT_IRQHandler
                0x080022fc                WWDG_IRQHandler
                0x080022fc                OTG_FS_WKUP_IRQHandler
                0x080022fc                TIM1_TRG_COM_TIM11_IRQHandler
                0x080022fc                OTG_HS_IRQHandler
                0x080022fc                EXTI1_IRQHandler
                0x080022fc                DMA2_Stream1_IRQHandler
                0x080022fc                CAN1_SCE_IRQHandler
                0x080022fc                FLASH_IRQHandler
                0x080022fc                BusFault_Handler
                0x080022fc                USART1_IRQHandler
                0x080022fc                OTG_FS_IRQHandler
                0x080022fc                SPI3_IRQHandler
                0x080022fc                DMA1_Stream4_IRQHandler
                0x080022fc                I2C1_ER_IRQHandler
                0x080022fc                DMA2_Stream6_IRQHandler
                0x080022fc                DMA1_Stream3_IRQHandler
 .text.arm_mat_init_f32
                0x08002304        0x8 ..\obj\arm_mat_init_f32.o
                0x08002304                arm_mat_init_f32
 .text.prvLed_GPS
                0x0800230c       0x50 ..\obj\main.o
                0x0800230c                prvLed_GPS
 .text.prvLed_Arming
                0x0800235c       0x4c ..\obj\main.o
                0x0800235c                prvLed_Arming
 .text.prvLeds  0x080023a8       0xc4 ..\obj\main.o
                0x080023a8                prvLeds
 .text.reset_all_motors
                0x0800246c       0x64 ..\obj\main.o
                0x0800246c                reset_all_motors
 .text.timerInit
                0x080024d0       0x64 ..\obj\main.o
                0x080024d0                timerInit
 .text.GPIO_setup_LEDS
                0x08002534       0x40 ..\obj\main.o
                0x08002534                GPIO_setup_LEDS
 .text.main     0x08002574      0x148 ..\obj\main.o
                0x08002574                main
 .text.RCC_GetClocksFreq
                0x080026bc       0xa4 ..\obj\stm32f4xx_rcc.o
                0x080026bc                RCC_GetClocksFreq
 .text.RCC_AHB1PeriphClockCmd
                0x08002760       0x1c ..\obj\stm32f4xx_rcc.o
                0x08002760                RCC_AHB1PeriphClockCmd
 .text.RCC_APB1PeriphClockCmd
                0x0800277c       0x1c ..\obj\stm32f4xx_rcc.o
                0x0800277c                RCC_APB1PeriphClockCmd
 .text.RCC_APB2PeriphClockCmd
                0x08002798       0x1c ..\obj\stm32f4xx_rcc.o
                0x08002798                RCC_APB2PeriphClockCmd
 .text.RCC_AHB1PeriphResetCmd
                0x080027b4       0x1c ..\obj\stm32f4xx_rcc.o
                0x080027b4                RCC_AHB1PeriphResetCmd
 .text.RCC_APB1PeriphResetCmd
                0x080027d0       0x1c ..\obj\stm32f4xx_rcc.o
                0x080027d0                RCC_APB1PeriphResetCmd
 .text.initPoint
                0x080027ec       0x30 ..\obj\NAV_POINTS.o
                0x080027ec                initPoint
 .text.freeAllPoints
                0x0800281c       0x10 ..\obj\NAV_POINTS.o
                0x0800281c                freeAllPoints
 .text.FindMaxTime2
                0x0800282c       0x94 ..\obj\NAV_POINTS.o
                0x0800282c                FindMaxTime2
 .text.SolvePolinom
                0x080028c0       0x60 ..\obj\NAV_POINTS.o
                0x080028c0                SolvePolinom
 .text.SolveAllOnce
                0x08002920       0xcc ..\obj\NAV_POINTS.o
                0x08002920                SolveAllOnce
 .text.exitPoint
                0x080029ec       0x10 ..\obj\NAV_POINTS.o
                0x080029ec                exitPoint
 .text.lerpTrajectory2
                0x080029fc      0x100 ..\obj\NAV_POINTS.o
                0x080029fc                lerpTrajectory2
 .text.DynamicLerp2
                0x08002afc      0x208 ..\obj\NAV_POINTS.o
                0x08002afc                DynamicLerp2
 .text.vApplicationTickHook
                0x08002d04       0x7c ..\obj\plugs.o
                0x08002d04                vApplicationTickHook
 .text.prvOperation_with_ADC_results
                0x08002d80      0x244 ..\obj\ADC.o
                0x08002d80                prvOperation_with_ADC_results
 .text.Init_SYS_ADC
                0x08002fc4      0x194 ..\obj\ADC.o
                0x08002fc4                Init_SYS_ADC
 .text.DMA2_Stream4_IRQHandler
                0x08003158       0x3c ..\obj\ADC.o
                0x08003158                DMA2_Stream4_IRQHandler
 .text.ADC_Init
                0x08003194       0x50 ..\obj\stm32f4xx_adc.o
                0x08003194                ADC_Init
 .text.ADC_CommonInit
                0x080031e4       0x2c ..\obj\stm32f4xx_adc.o
                0x080031e4                ADC_CommonInit
 .text.ADC_Cmd  0x08003210       0x18 ..\obj\stm32f4xx_adc.o
                0x08003210                ADC_Cmd
 .text.ADC_RegularChannelConfig
                0x08003228       0x90 ..\obj\stm32f4xx_adc.o
                0x08003228                ADC_RegularChannelConfig
 .text.ADC_SoftwareStartConv
                0x080032b8        0xc ..\obj\stm32f4xx_adc.o
                0x080032b8                ADC_SoftwareStartConv
 .text.ADC_DMACmd
                0x080032c4       0x18 ..\obj\stm32f4xx_adc.o
                0x080032c4                ADC_DMACmd
 .text.ADC_DMARequestAfterLastTransferCmd
                0x080032dc       0x18 ..\obj\stm32f4xx_adc.o
                0x080032dc                ADC_DMARequestAfterLastTransferCmd
 .text.ubloxWriteU1
                0x080032f4       0x3c ..\obj\GPS.o
 .text.GPS_INIT
                0x08003330      0x224 ..\obj\GPS.o
                0x08003330                GPS_INIT
 .text.USART_INIT_GPS
                0x08003554       0xf8 ..\obj\GPS.o
                0x08003554                USART_INIT_GPS
 .text.USART3_IRQHandler
                0x0800364c      0x164 ..\obj\GPS.o
                0x0800364c                USART3_IRQHandler
 .text.pvt      0x080037b0      0x524 ..\obj\GPS.o
                0x080037b0                pvt
 .text.dop      0x08003cd4       0xc4 ..\obj\GPS.o
                0x08003cd4                dop
 .text.obr_UBX  0x08003d98       0x50 ..\obj\GPS.o
                0x08003d98                obr_UBX
 .text.prvGPS_Processing
                0x08003de8       0x38 ..\obj\GPS.o
                0x08003de8                prvGPS_Processing
 .text.navUkfRotateVecByRevMatrix
                0x08003e20       0x94 ..\obj\UKF_lib.o
 .text.navUkfQuatToMatrix
                0x08003eb4      0x128 ..\obj\UKF_lib.o
 .text.navUkfRotateQuat
                0x08003fdc       0xa0 ..\obj\UKF_lib.o
 .text.navUkfPresUpdate
                0x0800407c       0x14 ..\obj\UKF_lib.o
                0x0800407c                navUkfPresUpdate
 .text.navUkfPresGPSAltUpdate
                0x08004090       0x24 ..\obj\UKF_lib.o
                0x08004090                navUkfPresGPSAltUpdate
 .text.navUkfRateUpdate
                0x080040b4       0x24 ..\obj\UKF_lib.o
                0x080040b4                navUkfRateUpdate
 .text.altUkfTimeUpdate
                0x080040d8       0x7c ..\obj\UKF_lib.o
                0x080040d8                altUkfTimeUpdate
 .text.altUkfPresUpdate
                0x08004154       0x14 ..\obj\UKF_lib.o
                0x08004154                altUkfPresUpdate
 .text.srcdkfCalcSigmaPoints
                0x08004168      0x118 ..\obj\UKF_lib.o
 .text.aqDataCalloc
                0x08004280       0x3c ..\obj\UKF_lib.o
                0x08004280                aqDataCalloc
 .text.matrixInit
                0x080042bc       0x44 ..\obj\UKF_lib.o
                0x080042bc                matrixInit
 .text.qrDecompositionT_f32
                0x08004300      0x3a8 ..\obj\UKF_lib.o
                0x08004300                qrDecompositionT_f32
 .text.matrixDiv_f32
                0x080046a8      0x130 ..\obj\UKF_lib.o
                0x080046a8                matrixDiv_f32
 .text.srcdkfInit
                0x080047d8      0x1e4 ..\obj\UKF_lib.o
                0x080047d8                srcdkfInit
 .text.srcdkfTimeUpdate
                0x080049bc      0x15c ..\obj\UKF_lib.o
                0x080049bc                srcdkfTimeUpdate
 .text.srcdkfMeasurementUpdate
                0x08004b18      0x5b8 ..\obj\UKF_lib.o
                0x08004b18                srcdkfMeasurementUpdate
 .text.navUkfNormalizeVec3
                0x080050d0       0x64 ..\obj\UKF_lib.o
                0x080050d0                navUkfNormalizeVec3
 .text.navUkfNormalizeQuat
                0x08005134       0x80 ..\obj\UKF_lib.o
                0x08005134                navUkfNormalizeQuat
 .text.navUkfRotateVectorByQuat
                0x080051b4      0x150 ..\obj\UKF_lib.o
                0x080051b4                navUkfRotateVectorByQuat
 .text.navUkfPosUpdate
                0x08005304       0x80 ..\obj\UKF_lib.o
                0x08005304                navUkfPosUpdate
 .text.navUkfRotateVectorByRevQuat
                0x08005384       0x38 ..\obj\UKF_lib.o
                0x08005384                navUkfRotateVectorByRevQuat
 .text.navUkfAccUpdate
                0x080053bc       0x48 ..\obj\UKF_lib.o
                0x080053bc                navUkfAccUpdate
 .text.navUkfRotateVecByMatrix
                0x08005404       0x94 ..\obj\UKF_lib.o
                0x08005404                navUkfRotateVecByMatrix
 .text.navUkfTimeUpdate
                0x08005498      0x354 ..\obj\UKF_lib.o
                0x08005498                navUkfTimeUpdate
 .text.navUkfQuatExtractEuler
                0x080057ec       0xe8 ..\obj\UKF_lib.o
                0x080057ec                navUkfQuatExtractEuler
 .text.crossVector
                0x080058d4       0x64 ..\obj\UKF_lib.o
                0x080058d4                crossVector
 .text.navUkfVelUpdate
                0x08005938       0xe8 ..\obj\UKF_lib.o
                0x08005938                navUkfVelUpdate
 .text.simDoAccUpdate
                0x08005a20      0x104 ..\obj\UKF_lib.o
                0x08005a20                simDoAccUpdate
 .text.simDoPresUpdate
                0x08005b24       0x70 ..\obj\UKF_lib.o
                0x08005b24                simDoPresUpdate
 *fill*         0x08005b94        0x4 
 .text.navUkfGpsPosUpdate
                0x08005b98      0x528 ..\obj\UKF_lib.o
                0x08005b98                navUkfGpsPosUpdate
 .text.navUkfGpsVelUpdate
                0x080060c0      0x514 ..\obj\UKF_lib.o
                0x080060c0                navUkfGpsVelUpdate
 .text.navPressureAdjust
                0x080065d4       0x18 ..\obj\UKF_lib.o
                0x080065d4                navPressureAdjust
 .text.navUkfZeroPos
                0x080065ec      0x118 ..\obj\UKF_lib.o
                0x080065ec                navUkfZeroPos
 .text.navUkfZeroVel
                0x08006704      0x120 ..\obj\UKF_lib.o
                0x08006704                navUkfZeroVel
 .text.navUkfZeroRate
                0x08006824       0x44 ..\obj\UKF_lib.o
                0x08006824                navUkfZeroRate
 .text.srcdkfSetVariance
                0x08006868       0xf0 ..\obj\UKF_lib.o
                0x08006868                srcdkfSetVariance
 .text.navUkfInertialUpdate
                0x08006958      0x1bc ..\obj\UKF_lib.o
                0x08006958                navUkfInertialUpdate
 .text.navUkfInitState
                0x08006b14      0x1f4 ..\obj\UKF_lib.o
                0x08006b14                navUkfInitState
 .text.navUkfInit
                0x08006d08      0x174 ..\obj\UKF_lib.o
                0x08006d08                navUkfInit
 .text.navUkfFinish
                0x08006e7c      0x1e8 ..\obj\UKF_lib.o
                0x08006e7c                navUkfFinish
 .text.altUkfProcess
                0x08007064       0xc0 ..\obj\UKF_lib.o
                0x08007064                altUkfProcess
 .text.altUkfInit
                0x08007124       0x74 ..\obj\UKF_lib.o
                0x08007124                altUkfInit
 .text.prvIdleTask
                0x08007198       0x24 ..\obj\tasks.o
 .text.prvResetNextTaskUnblockTime
                0x080071bc       0x2c ..\obj\tasks.o
 .text.prvAddCurrentTaskToDelayedList
                0x080071e8       0x90 ..\obj\tasks.o
 .text.xTaskGenericCreate
                0x08007278      0x1c4 ..\obj\tasks.o
                0x08007278                xTaskGenericCreate
 .text.vTaskStartScheduler
                0x0800743c       0x60 ..\obj\tasks.o
                0x0800743c                vTaskStartScheduler
 .text.vTaskSuspendAll
                0x0800749c       0x14 ..\obj\tasks.o
                0x0800749c                vTaskSuspendAll
 .text.xTaskIncrementTick
                0x080074b0      0x118 ..\obj\tasks.o
                0x080074b0                xTaskIncrementTick
 .text.xTaskResumeAll
                0x080075c8       0xe8 ..\obj\tasks.o
                0x080075c8                xTaskResumeAll
 .text.vTaskDelay
                0x080076b0       0x30 ..\obj\tasks.o
                0x080076b0                vTaskDelay
 .text.vTaskSwitchContext
                0x080076e0       0x6c ..\obj\tasks.o
                0x080076e0                vTaskSwitchContext
 .text.vTaskPlaceOnEventList
                0x0800774c       0x20 ..\obj\tasks.o
                0x0800774c                vTaskPlaceOnEventList
 .text.xTaskRemoveFromEventList
                0x0800776c       0x70 ..\obj\tasks.o
                0x0800776c                xTaskRemoveFromEventList
 .text.vTaskSetTimeOutState
                0x080077dc       0x14 ..\obj\tasks.o
                0x080077dc                vTaskSetTimeOutState
 .text.xTaskCheckForTimeOut
                0x080077f0       0x58 ..\obj\tasks.o
                0x080077f0                xTaskCheckForTimeOut
 .text.vTaskMissedYield
                0x08007848       0x10 ..\obj\tasks.o
                0x08007848                vTaskMissedYield
 .text.uxTaskGetStackHighWaterMark
                0x08007858       0x2c ..\obj\tasks.o
                0x08007858                uxTaskGetStackHighWaterMark
 .text.vTaskPriorityInherit
                0x08007884       0xac ..\obj\tasks.o
                0x08007884                vTaskPriorityInherit
 .text.xTaskPriorityDisinherit
                0x08007930       0x88 ..\obj\tasks.o
                0x08007930                xTaskPriorityDisinherit
 .text.pvTaskIncrementMutexHeldCount
                0x080079b8       0x20 ..\obj\tasks.o
                0x080079b8                pvTaskIncrementMutexHeldCount
 .text.I2C_Init_for_loop
                0x080079d8       0xdc ..\obj\I2C_BARO_MAG.o
                0x080079d8                I2C_Init_for_loop
 .text.I2C_Request_Read
                0x08007ab4       0x74 ..\obj\I2C_BARO_MAG.o
                0x08007ab4                I2C_Request_Read
 .text.I2C_Request_Write
                0x08007b28       0x68 ..\obj\I2C_BARO_MAG.o
                0x08007b28                I2C_Request_Write
 .text.prvMAG_BARO_Request
                0x08007b90      0x1dc ..\obj\I2C_BARO_MAG.o
                0x08007b90                prvMAG_BARO_Request
 .text.I2C2_EV_IRQHandler
                0x08007d6c      0x1b0 ..\obj\I2C_BARO_MAG.o
                0x08007d6c                I2C2_EV_IRQHandler
 .text.I2C2_ER_IRQHandler
                0x08007f1c       0x50 ..\obj\I2C_BARO_MAG.o
                0x08007f1c                I2C2_ER_IRQHandler
 .text.Obrabotka_Mag
                0x08007f6c      0x220 ..\obj\I2C_BARO_MAG.o
                0x08007f6c                Obrabotka_Mag
 .text.Obrabotka_Baro
                0x0800818c      0x478 ..\obj\I2C_BARO_MAG.o
                0x0800818c                Obrabotka_Baro
 .text.prvMAG_BARO_Processing
                0x08008604       0x40 ..\obj\I2C_BARO_MAG.o
                0x08008604                prvMAG_BARO_Processing
 .text.I2C_ClockToggling
                0x08008644       0xac ..\obj\I2C_BARO_MAG.o
                0x08008644                I2C_ClockToggling
 .text.I2C_Init_Baro_Mag_for_init
                0x080086f0       0xb8 ..\obj\I2C_BARO_MAG.o
                0x080086f0                I2C_Init_Baro_Mag_for_init
 .text.I2C_ByteWrite
                0x080087a8       0x88 ..\obj\I2C_BARO_MAG.o
                0x080087a8                I2C_ByteWrite
 .text.I2C_BufferRead
                0x08008830      0x110 ..\obj\I2C_BARO_MAG.o
                0x08008830                I2C_BufferRead
 .text.MS5611_Get_Coef_Calib
                0x08008940      0x12c ..\obj\I2C_BARO_MAG.o
                0x08008940                MS5611_Get_Coef_Calib
 .text.Baro_Mag_Init_Full
                0x08008a6c       0xec ..\obj\I2C_BARO_MAG.o
                0x08008a6c                Baro_Mag_Init_Full
 .text.reverse  0x08008b58       0x30 ..\obj\LOGS.o
                0x08008b58                reverse
 .text.itoa_    0x08008b88       0x50 ..\obj\LOGS.o
                0x08008b88                itoa_
 .text.float_to_buf
                0x08008bd8       0x54 ..\obj\LOGS.o
                0x08008bd8                float_to_buf
 .text.uint32_t_to_buf
                0x08008c2c       0x38 ..\obj\LOGS.o
                0x08008c2c                uint32_t_to_buf
 .text.prvSbor_buf_adc
                0x08008c64      0x118 ..\obj\LOGS.o
                0x08008c64                prvSbor_buf_adc
 .text.prvSbor_buf_ukf
                0x08008d7c      0x160 ..\obj\LOGS.o
                0x08008d7c                prvSbor_buf_ukf
 .text.uint16_t_to_buf
                0x08008edc       0x20 ..\obj\LOGS.o
                0x08008edc                uint16_t_to_buf
 .text.prvSbor_buf_pwm
                0x08008efc       0xa8 ..\obj\LOGS.o
                0x08008efc                prvSbor_buf_pwm
 .text.prvSbor_buf_ppm
                0x08008fa4       0xc8 ..\obj\LOGS.o
                0x08008fa4                prvSbor_buf_ppm
 .text.prvSbor_buf_baro_mag
                0x0800906c      0x10c ..\obj\LOGS.o
                0x0800906c                prvSbor_buf_baro_mag
 .text.prvSbor_buf_gps
                0x08009178      0x1c0 ..\obj\LOGS.o
                0x08009178                prvSbor_buf_gps
 .text.prvSbor_buf_pid
                0x08009338      0x1e4 ..\obj\LOGS.o
                0x08009338                prvSbor_buf_pid
 .text.prvSbor_buf_flags1
                0x0800951c      0x29c ..\obj\LOGS.o
                0x0800951c                prvSbor_buf_flags1
 .text.SPI_SD_Init
                0x080097b8       0xec ..\obj\LOGS.o
                0x080097b8                SPI_SD_Init
 .text.init_log_file_pwm
                0x080098a4       0x78 ..\obj\LOGS.o
                0x080098a4                init_log_file_pwm
 .text.init_log_file_adc
                0x0800991c       0x9c ..\obj\LOGS.o
                0x0800991c                init_log_file_adc
 .text.init_log_file_ppm
                0x080099b8       0x90 ..\obj\LOGS.o
                0x080099b8                init_log_file_ppm
 .text.init_log_file_baro_mag
                0x08009a48       0x90 ..\obj\LOGS.o
                0x08009a48                init_log_file_baro_mag
 .text.init_log_file_gps
                0x08009ad8       0xd0 ..\obj\LOGS.o
                0x08009ad8                init_log_file_gps
 .text.init_log_file_pid
                0x08009ba8       0xd8 ..\obj\LOGS.o
                0x08009ba8                init_log_file_pid
 .text.init_log_file_ukf
                0x08009c80       0xb8 ..\obj\LOGS.o
                0x08009c80                init_log_file_ukf
 .text.init_log_file_flags
                0x08009d38       0xb8 ..\obj\LOGS.o
                0x08009d38                init_log_file_flags
 .text.Init_logs
                0x08009df0      0x534 ..\obj\LOGS.o
                0x08009df0                Init_logs
 .text.close_op_new_file
                0x0800a324      0x378 ..\obj\LOGS.o
                0x0800a324                close_op_new_file
 .text.prvTransfer_buf
                0x0800a69c      0x5c4 ..\obj\LOGS.o
                0x0800a69c                prvTransfer_buf
 .text.xmit_spi
                0x0800ac60       0x38 ..\obj\spi_sd.o
 .text.wait_ready
                0x0800ac98       0x74 ..\obj\spi_sd.o
 .text.rcvr_datablock
                0x0800ad0c      0x164 ..\obj\spi_sd.o
 .text.xmit_datablock
                0x0800ae70      0x144 ..\obj\spi_sd.o
 .text.send_cmd
                0x0800afb4      0x244 ..\obj\spi_sd.o
 .text.disk_initialize
                0x0800b1f8      0x244 ..\obj\spi_sd.o
                0x0800b1f8                disk_initialize
 .text.disk_status
                0x0800b43c       0x14 ..\obj\spi_sd.o
                0x0800b43c                disk_status
 .text.disk_read
                0x0800b450       0xc8 ..\obj\spi_sd.o
                0x0800b450                disk_read
 .text.disk_write
                0x0800b518       0xe8 ..\obj\spi_sd.o
                0x0800b518                disk_write
 .text.disk_ioctl
                0x0800b600      0x444 ..\obj\spi_sd.o
                0x0800b600                disk_ioctl
 .text.get_fattime
                0x0800ba44       0x70 ..\obj\spi_sd.o
                0x0800ba44                get_fattime
 .text.GPIO_DeInit
                0x0800bab4      0x144 ..\obj\stm32f4xx_gpio.o
                0x0800bab4                GPIO_DeInit
 .text.GPIO_Init
                0x0800bbf8       0x90 ..\obj\stm32f4xx_gpio.o
                0x0800bbf8                GPIO_Init
 .text.GPIO_ReadInputDataBit
                0x0800bc88        0xc ..\obj\stm32f4xx_gpio.o
                0x0800bc88                GPIO_ReadInputDataBit
 .text.GPIO_SetBits
                0x0800bc94        0x4 ..\obj\stm32f4xx_gpio.o
                0x0800bc94                GPIO_SetBits
 .text.GPIO_ResetBits
                0x0800bc98        0x4 ..\obj\stm32f4xx_gpio.o
                0x0800bc98                GPIO_ResetBits
 .text.GPIO_PinAFConfig
                0x0800bc9c       0x28 ..\obj\stm32f4xx_gpio.o
                0x0800bc9c                GPIO_PinAFConfig
 .text.vListInitialise
                0x0800bcc4       0x18 ..\obj\list.o
                0x0800bcc4                vListInitialise
 .text.vListInitialiseItem
                0x0800bcdc        0x8 ..\obj\list.o
                0x0800bcdc                vListInitialiseItem
 .text.vListInsertEnd
                0x0800bce4       0x18 ..\obj\list.o
                0x0800bce4                vListInsertEnd
 .text.vListInsert
                0x0800bcfc       0x34 ..\obj\list.o
                0x0800bcfc                vListInsert
 .text.uxListRemove
                0x0800bd30       0x24 ..\obj\list.o
                0x0800bd30                uxListRemove
 .text.SystemInit
                0x0800bd54      0x100 ..\obj\system_stm32f4xx.o
                0x0800bd54                SystemInit
 .text.DMA_Init
                0x0800be54       0x58 ..\obj\stm32f4xx_dma.o
                0x0800be54                DMA_Init
 .text.DMA_Cmd  0x0800beac       0x18 ..\obj\stm32f4xx_dma.o
                0x0800beac                DMA_Cmd
 .text.DMA_ClearFlag
                0x0800bec4       0x34 ..\obj\stm32f4xx_dma.o
                0x0800bec4                DMA_ClearFlag
 .text.DMA_ITConfig
                0x0800bef8       0x44 ..\obj\stm32f4xx_dma.o
                0x0800bef8                DMA_ITConfig
 .text.ff_convert
                0x0800bf3c       0x48 ..\obj\ccsbcs.o
                0x0800bf3c                ff_convert
 .text.ff_wtoupper
                0x0800bf84       0x34 ..\obj\ccsbcs.o
                0x0800bf84                ff_wtoupper
 .text.PID_Angle_Y
                0x0800bfb8      0x138 ..\obj\PID.o
                0x0800bfb8                PID_Angle_Y
 .text.PID_Rate_Y
                0x0800c0f0      0x1cc ..\obj\PID.o
                0x0800c0f0                PID_Rate_Y
 .text.PID_Angle_X
                0x0800c2bc      0x138 ..\obj\PID.o
                0x0800c2bc                PID_Angle_X
 *fill*         0x0800c3f4        0x4 
 .text.PID_Rate_X
                0x0800c3f8      0x1cc ..\obj\PID.o
                0x0800c3f8                PID_Rate_X
 .text.PID_Angle_Z
                0x0800c5c4      0x138 ..\obj\PID.o
                0x0800c5c4                PID_Angle_Z
 *fill*         0x0800c6fc        0x4 
 .text.PID_Rate_Z
                0x0800c700      0x1c4 ..\obj\PID.o
                0x0800c700                PID_Rate_Z
 .text.PID_Alt_Pos_Z
                0x0800c8c4       0x54 ..\obj\PID.o
                0x0800c8c4                PID_Alt_Pos_Z
 .text.PID_Alt_Vel_Z
                0x0800c918      0x17c ..\obj\PID.o
                0x0800c918                PID_Alt_Vel_Z
 .text.PID_Pos_XY
                0x0800ca94       0x98 ..\obj\PID.o
                0x0800ca94                PID_Pos_XY
 *fill*         0x0800cb2c        0x4 
 .text.PID_Vel_X
                0x0800cb30      0x180 ..\obj\PID.o
                0x0800cb30                PID_Vel_X
 .text.PID_Vel_Y
                0x0800ccb0      0x180 ..\obj\PID.o
                0x0800ccb0                PID_Vel_Y
 .text.prvTaskExitError
                0x0800ce30       0x14 ..\obj\port.o
 .text.prvPortStartFirstTask
                0x0800ce44       0x20 ..\obj\port.o
 .text.vPortEnableVFP
                0x0800ce64       0x14 ..\obj\port.o
 .text.pxPortInitialiseStack
                0x0800ce78       0x28 ..\obj\port.o
                0x0800ce78                pxPortInitialiseStack
 .text.SVC_Handler
                0x0800cea0       0x24 ..\obj\port.o
                0x0800cea0                SVC_Handler
 .text.vPortEnterCritical
                0x0800cec4       0x20 ..\obj\port.o
                0x0800cec4                vPortEnterCritical
 .text.vPortExitCritical
                0x0800cee4       0x14 ..\obj\port.o
                0x0800cee4                vPortExitCritical
 *fill*         0x0800cef8        0x8 
 .text.PendSV_Handler
                0x0800cf00       0x64 ..\obj\port.o
                0x0800cf00                PendSV_Handler
 .text.SysTick_Handler
                0x0800cf64       0x2c ..\obj\port.o
                0x0800cf64                SysTick_Handler
 .text.vPortSetupTimerInterrupt
                0x0800cf90       0x18 ..\obj\port.o
                0x0800cf90                vPortSetupTimerInterrupt
 .text.xPortStartScheduler
                0x0800cfa8       0x40 ..\obj\port.o
                0x0800cfa8                xPortStartScheduler
 .text.prvCopyDataToQueue
                0x0800cfe8       0x7c ..\obj\queue.o
 .text.prvCopyDataFromQueue
                0x0800d064       0x24 ..\obj\queue.o
 .text.prvUnlockQueue
                0x0800d088       0x80 ..\obj\queue.o
 .text.xQueueGenericReset
                0x0800d108       0x6c ..\obj\queue.o
                0x0800d108                xQueueGenericReset
 .text.xQueueGenericCreate
                0x0800d174       0x30 ..\obj\queue.o
                0x0800d174                xQueueGenericCreate
 .text.xQueueGenericSend
                0x0800d1a4      0x114 ..\obj\queue.o
                0x0800d1a4                xQueueGenericSend
 .text.xQueueCreateMutex
                0x0800d2b8       0x2c ..\obj\queue.o
                0x0800d2b8                xQueueCreateMutex
 .text.xQueueGiveFromISR
                0x0800d2e4       0x60 ..\obj\queue.o
                0x0800d2e4                xQueueGiveFromISR
 .text.xQueueGenericReceive
                0x0800d344      0x148 ..\obj\queue.o
                0x0800d344                xQueueGenericReceive
 .text.X_Y_Ref_Cartesian
                0x0800d48c      0x15c ..\obj\IMU_INS.o
                0x0800d48c                X_Y_Ref_Cartesian
 .text.q_ref    0x0800d5e8      0x300 ..\obj\IMU_INS.o
                0x0800d5e8                q_ref
 .text.q_err    0x0800d8e8      0x220 ..\obj\IMU_INS.o
                0x0800d8e8                q_err
 .text.Mixer    0x0800db08      0x2b0 ..\obj\IMU_INS.o
                0x0800db08                Mixer
 .text.Fast_mahony
                0x0800ddb8      0x450 ..\obj\IMU_INS.o
                0x0800ddb8                Fast_mahony
 .text.Control  0x0800e208      0xa44 ..\obj\IMU_INS.o
                0x0800e208                Control
 .text.prvIMU_INS
                0x0800ec4c      0x520 ..\obj\IMU_INS.o
                0x0800ec4c                prvIMU_INS
 .text.runInit  0x0800f16c      0x114 ..\obj\IMU_INS.o
                0x0800f16c                runInit
 .text.UKF_Cycle
                0x0800f280      0x6a0 ..\obj\IMU_INS.o
                0x0800f280                UKF_Cycle
 .text.prvIMU_INS_UKF
                0x0800f920       0x3c ..\obj\IMU_INS.o
                0x0800f920                prvIMU_INS_UKF
 .text.arm_mat_trans_f32
                0x0800f95c       0xb8 ..\obj\arm_mat_trans_f32.o
                0x0800f95c                arm_mat_trans_f32
 .text.mem_cpy  0x0800fa14       0x40 ..\obj\ff.o
 .text.mem_set  0x0800fa54       0x10 ..\obj\ff.o
 .text.ld_clust
                0x0800fa64       0x14 ..\obj\ff.o
 .text.sum_sfn  0x0800fa78       0x20 ..\obj\ff.o
 .text.check_fs
                0x0800fa98       0x50 ..\obj\ff.o
 .text.sync_window
                0x0800fae8       0x74 ..\obj\ff.o
 .text.move_window
                0x0800fb5c       0x38 ..\obj\ff.o
 .text.validate
                0x0800fb94       0x38 ..\obj\ff.o
 .text.chk_mounted
                0x0800fbcc      0x278 ..\obj\ff.o
 .text.get_fileinfo
                0x0800fe44      0x128 ..\obj\ff.o
 .text.sync_fs  0x0800ff6c       0x78 ..\obj\ff.o
 .text.clust2sect
                0x0800ffe4       0x18 ..\obj\ff.o
                0x0800ffe4                clust2sect
 .text.get_fat  0x0800fffc       0xc0 ..\obj\ff.o
                0x0800fffc                get_fat
 .text.dir_sdi  0x080100bc       0x98 ..\obj\ff.o
 .text.put_fat  0x08010154      0x10c ..\obj\ff.o
                0x08010154                put_fat
 .text.create_chain
                0x08010260       0xb0 ..\obj\ff.o
 .text.dir_next
                0x08010310      0x128 ..\obj\ff.o
 .text.dir_find
                0x08010438      0x15c ..\obj\ff.o
 .text.follow_path
                0x08010594      0x354 ..\obj\ff.o
 .text.dir_read
                0x080108e8      0x10c ..\obj\ff.o
 .text.remove_chain
                0x080109f4       0x70 ..\obj\ff.o
 .text.gen_numname
                0x08010a64       0x98 ..\obj\ff.o
                0x08010a64                gen_numname
 .text.dir_register
                0x08010afc      0x204 ..\obj\ff.o
 .text.f_mount  0x08010d00       0x24 ..\obj\ff.o
                0x08010d00                f_mount
 .text.f_open   0x08010d24      0x150 ..\obj\ff.o
                0x08010d24                f_open
 .text.f_write  0x08010e74      0x1d4 ..\obj\ff.o
                0x08010e74                f_write
 .text.f_sync   0x08011048       0x84 ..\obj\ff.o
                0x08011048                f_sync
 .text.f_close  0x080110cc       0x14 ..\obj\ff.o
                0x080110cc                f_close
 .text.f_chdir  0x080110e0       0x60 ..\obj\ff.o
                0x080110e0                f_chdir
 .text.f_opendir
                0x08011140       0x7c ..\obj\ff.o
                0x08011140                f_opendir
 .text.f_readdir
                0x080111bc       0x64 ..\obj\ff.o
                0x080111bc                f_readdir
 .text.f_mkdir  0x08011220      0x174 ..\obj\ff.o
                0x08011220                f_mkdir
 .text.SPI_Init
                0x08011394       0x44 ..\obj\stm32f4xx_spi.o
                0x08011394                SPI_Init
 .text.SPI_Cmd  0x080113d8       0x1c ..\obj\stm32f4xx_spi.o
                0x080113d8                SPI_Cmd
 .text.SPI_NSSInternalSoftwareConfig
                0x080113f4       0x24 ..\obj\stm32f4xx_spi.o
                0x080113f4                SPI_NSSInternalSoftwareConfig
 .text.SPI_I2S_ReceiveData
                0x08011418        0x8 ..\obj\stm32f4xx_spi.o
                0x08011418                SPI_I2S_ReceiveData
 .text.SPI_I2S_SendData
                0x08011420        0x4 ..\obj\stm32f4xx_spi.o
                0x08011420                SPI_I2S_SendData
 .text.SPI_I2S_ITConfig
                0x08011424       0x24 ..\obj\stm32f4xx_spi.o
                0x08011424                SPI_I2S_ITConfig
 .text.SPI_I2S_GetFlagStatus
                0x08011448        0xc ..\obj\stm32f4xx_spi.o
                0x08011448                SPI_I2S_GetFlagStatus
 .text.SPI_I2S_GetITStatus
                0x08011454       0x30 ..\obj\stm32f4xx_spi.o
                0x08011454                SPI_I2S_GetITStatus
 .text.I2C_DeInit
                0x08011484       0x64 ..\obj\stm32f4xx_i2c.o
                0x08011484                I2C_DeInit
 .text.I2C_Init
                0x080114e8       0xe0 ..\obj\stm32f4xx_i2c.o
                0x080114e8                I2C_Init
 .text.I2C_Cmd  0x080115c8       0x1c ..\obj\stm32f4xx_i2c.o
                0x080115c8                I2C_Cmd
 .text.I2C_GenerateSTART
                0x080115e4       0x1c ..\obj\stm32f4xx_i2c.o
                0x080115e4                I2C_GenerateSTART
 .text.I2C_GenerateSTOP
                0x08011600       0x1c ..\obj\stm32f4xx_i2c.o
                0x08011600                I2C_GenerateSTOP
 .text.I2C_Send7bitAddress
                0x0801161c       0x14 ..\obj\stm32f4xx_i2c.o
                0x0801161c                I2C_Send7bitAddress
 .text.I2C_AcknowledgeConfig
                0x08011630       0x1c ..\obj\stm32f4xx_i2c.o
                0x08011630                I2C_AcknowledgeConfig
 .text.I2C_SendData
                0x0801164c        0x4 ..\obj\stm32f4xx_i2c.o
                0x0801164c                I2C_SendData
 .text.I2C_ReceiveData
                0x08011650        0x8 ..\obj\stm32f4xx_i2c.o
                0x08011650                I2C_ReceiveData
 .text.I2C_ITConfig
                0x08011658       0x18 ..\obj\stm32f4xx_i2c.o
                0x08011658                I2C_ITConfig
 .text.I2C_CheckEvent
                0x08011670       0x1c ..\obj\stm32f4xx_i2c.o
                0x08011670                I2C_CheckEvent
 .text.I2C_GetLastEvent
                0x0801168c       0x10 ..\obj\stm32f4xx_i2c.o
                0x0801168c                I2C_GetLastEvent
 .text.I2C_GetFlagStatus
                0x0801169c       0x38 ..\obj\stm32f4xx_i2c.o
                0x0801169c                I2C_GetFlagStatus
 .text.I2C_ClearFlag
                0x080116d4        0x8 ..\obj\stm32f4xx_i2c.o
                0x080116d4                I2C_ClearFlag
 .text.EXTI_Init
                0x080116dc       0x90 ..\obj\stm32f4xx_exti.o
                0x080116dc                EXTI_Init
 .text.EXTI_ClearITPendingBit
                0x0801176c        0xc ..\obj\stm32f4xx_exti.o
                0x0801176c                EXTI_ClearITPendingBit
 .text.arm_fill_f32
                0x08011778       0x3c ..\obj\arm_fill_f32.o
                0x08011778                arm_fill_f32
 .text.Init_PWM_Reciever1
                0x080117b4       0xcc ..\obj\PWM_PPM.o
                0x080117b4                Init_PWM_Reciever1
 .text.Init_PWM_Motor
                0x08011880      0x150 ..\obj\PWM_PPM.o
                0x08011880                Init_PWM_Motor
 .text.TIM4_IRQHandler
                0x080119d0      0x50c ..\obj\PWM_PPM.o
                0x080119d0                TIM4_IRQHandler
 .text.TIM2_IRQHandler
                0x08011edc       0x80 ..\obj\PWM_PPM.o
                0x08011edc                TIM2_IRQHandler
 .text.prvArming
                0x08011f5c      0x160 ..\obj\PWM_PPM.o
                0x08011f5c                prvArming
 .text.TI1_Config
                0x080120bc       0x34 ..\obj\stm32f4xx_tim.o
 .text.TI2_Config
                0x080120f0       0x3c ..\obj\stm32f4xx_tim.o
 .text.TIM_TimeBaseInit
                0x0801212c       0x88 ..\obj\stm32f4xx_tim.o
                0x0801212c                TIM_TimeBaseInit
 .text.TIM_TimeBaseStructInit
                0x080121b4       0x14 ..\obj\stm32f4xx_tim.o
                0x080121b4                TIM_TimeBaseStructInit
 .text.TIM_SetCounter
                0x080121c8        0x4 ..\obj\stm32f4xx_tim.o
                0x080121c8                TIM_SetCounter
 .text.TIM_Cmd  0x080121cc       0x1c ..\obj\stm32f4xx_tim.o
                0x080121cc                TIM_Cmd
 .text.TIM_OC1Init
                0x080121e8       0x74 ..\obj\stm32f4xx_tim.o
                0x080121e8                TIM_OC1Init
 .text.TIM_OC2Init
                0x0801225c       0x88 ..\obj\stm32f4xx_tim.o
                0x0801225c                TIM_OC2Init
 .text.TIM_OC3Init
                0x080122e4       0x84 ..\obj\stm32f4xx_tim.o
                0x080122e4                TIM_OC3Init
 .text.TIM_OC4Init
                0x08012368       0x68 ..\obj\stm32f4xx_tim.o
                0x08012368                TIM_OC4Init
 .text.TIM_OCStructInit
                0x080123d0       0x14 ..\obj\stm32f4xx_tim.o
                0x080123d0                TIM_OCStructInit
 .text.TIM_SetCompare1
                0x080123e4        0x4 ..\obj\stm32f4xx_tim.o
                0x080123e4                TIM_SetCompare1
 .text.TIM_SetCompare2
                0x080123e8        0x4 ..\obj\stm32f4xx_tim.o
                0x080123e8                TIM_SetCompare2
 .text.TIM_SetCompare3
                0x080123ec        0x4 ..\obj\stm32f4xx_tim.o
                0x080123ec                TIM_SetCompare3
 .text.TIM_SetCompare4
                0x080123f0        0x4 ..\obj\stm32f4xx_tim.o
                0x080123f0                TIM_SetCompare4
 .text.TIM_OC1PolarityConfig
                0x080123f4       0x10 ..\obj\stm32f4xx_tim.o
                0x080123f4                TIM_OC1PolarityConfig
 .text.TIM_OC2PolarityConfig
                0x08012404       0x14 ..\obj\stm32f4xx_tim.o
                0x08012404                TIM_OC2PolarityConfig
 .text.TIM_GetCapture1
                0x08012418        0x4 ..\obj\stm32f4xx_tim.o
                0x08012418                TIM_GetCapture1
 .text.TIM_GetCapture2
                0x0801241c        0x4 ..\obj\stm32f4xx_tim.o
                0x0801241c                TIM_GetCapture2
 .text.TIM_SetIC1Prescaler
                0x08012420       0x18 ..\obj\stm32f4xx_tim.o
                0x08012420                TIM_SetIC1Prescaler
 .text.TIM_SetIC2Prescaler
                0x08012438       0x1c ..\obj\stm32f4xx_tim.o
                0x08012438                TIM_SetIC2Prescaler
 .text.TIM_SetIC3Prescaler
                0x08012454       0x18 ..\obj\stm32f4xx_tim.o
                0x08012454                TIM_SetIC3Prescaler
 .text.TIM_SetIC4Prescaler
                0x0801246c       0x1c ..\obj\stm32f4xx_tim.o
                0x0801246c                TIM_SetIC4Prescaler
 .text.TIM_ICInit
                0x08012488       0xc4 ..\obj\stm32f4xx_tim.o
                0x08012488                TIM_ICInit
 .text.TIM_CtrlPWMOutputs
                0x0801254c       0x24 ..\obj\stm32f4xx_tim.o
                0x0801254c                TIM_CtrlPWMOutputs
 .text.TIM_ITConfig
                0x08012570       0x18 ..\obj\stm32f4xx_tim.o
                0x08012570                TIM_ITConfig
 .text.TIM_GetFlagStatus
                0x08012588        0xc ..\obj\stm32f4xx_tim.o
                0x08012588                TIM_GetFlagStatus
 .text.TIM_ClearFlag
                0x08012594        0x8 ..\obj\stm32f4xx_tim.o
                0x08012594                TIM_ClearFlag
 .text.TIM_ClearITPendingBit
                0x0801259c        0x8 ..\obj\stm32f4xx_tim.o
                0x0801259c                TIM_ClearITPendingBit
 .text.DBGMCU_APB1PeriphConfig
                0x080125a4       0x1c ..\obj\stm32f4xx_dbgmcu.o
                0x080125a4                DBGMCU_APB1PeriphConfig
 .text.arm_mat_mult_f32
                0x080125c0      0x144 ..\obj\arm_mat_mult_f32.o
                0x080125c0                arm_mat_mult_f32
 .text.Buzzer_Function
                0x08012704      0x13c ..\obj\Buzzer.o
                0x08012704                Buzzer_Function
 .text.Buzzer_Init
                0x08012840       0x40 ..\obj\Buzzer.o
                0x08012840                Buzzer_Init
 .text.cos      0x08012880       0xc0 c:/program files (x86)/gnu tools arm embedded/5.4 2016q2/bin/../lib/gcc/arm-none-eabi/5.4.1/../../../../arm-none-eabi/lib/armv7e-m/fpu\libm.a(lib_a-s_cos.o)
                0x08012880                cos
 .text.sin      0x08012940       0xc0 c:/program files (x86)/gnu tools arm embedded/5.4 2016q2/bin/../lib/gcc/arm-none-eabi/5.4.1/../../../../arm-none-eabi/lib/armv7e-m/fpu\libm.a(lib_a-s_sin.o)
                0x08012940                sin
 .text.cosf     0x08012a00       0x90 c:/program files (x86)/gnu tools arm embedded/5.4 2016q2/bin/../lib/gcc/arm-none-eabi/5.4.1/../../../../arm-none-eabi/lib/armv7e-m/fpu\libm.a(lib_a-sf_cos.o)
                0x08012a00                cosf
 .text.sinf     0x08012a90       0x94 c:/program files (x86)/gnu tools arm embedded/5.4 2016q2/bin/../lib/gcc/arm-none-eabi/5.4.1/../../../../arm-none-eabi/lib/armv7e-m/fpu\libm.a(lib_a-sf_sin.o)
                0x08012a90                sinf
 *fill*         0x08012b24        0x4 
 .text.pow      0x08012b28      0x338 c:/program files (x86)/gnu tools arm embedded/5.4 2016q2/bin/../lib/gcc/arm-none-eabi/5.4.1/../../../../arm-none-eabi/lib/armv7e-m/fpu\libm.a(lib_a-w_pow.o)
                0x08012b28                pow
 .text.sqrt     0x08012e60       0xc0 c:/program files (x86)/gnu tools arm embedded/5.4 2016q2/bin/../lib/gcc/arm-none-eabi/5.4.1/../../../../arm-none-eabi/lib/armv7e-m/fpu\libm.a(lib_a-w_sqrt.o)
                0x08012e60                sqrt
 .text.atan2f   0x08012f20        0x4 c:/program files (x86)/gnu tools arm embedded/5.4 2016q2/bin/../lib/gcc/arm-none-eabi/5.4.1/../../../../arm-none-eabi/lib/armv7e-m/fpu\libm.a(lib_a-wf_atan2.o)
                0x08012f20                atan2f
 .text.powf     0x08012f24      0x328 c:/program files (x86)/gnu tools arm embedded/5.4 2016q2/bin/../lib/gcc/arm-none-eabi/5.4.1/../../../../arm-none-eabi/lib/armv7e-m/fpu\libm.a(lib_a-wf_pow.o)
                0x08012f24                powf
 .text.sqrtf    0x0801324c       0xac c:/program files (x86)/gnu tools arm embedded/5.4 2016q2/bin/../lib/gcc/arm-none-eabi/5.4.1/../../../../arm-none-eabi/lib/armv7e-m/fpu\libm.a(lib_a-wf_sqrt.o)
                0x0801324c                sqrtf
 .text.__ieee754_pow
                0x080132f8      0xb10 c:/program files (x86)/gnu tools arm embedded/5.4 2016q2/bin/../lib/gcc/arm-none-eabi/5.4.1/../../../../arm-none-eabi/lib/armv7e-m/fpu\libm.a(lib_a-e_pow.o)
                0x080132f8                __ieee754_pow
 .text.__ieee754_rem_pio2
                0x08013e08      0x44c c:/program files (x86)/gnu tools arm embedded/5.4 2016q2/bin/../lib/gcc/arm-none-eabi/5.4.1/../../../../arm-none-eabi/lib/armv7e-m/fpu\libm.a(lib_a-e_rem_pio2.o)
                0x08013e08                __ieee754_rem_pio2
 .text.__ieee754_sqrt
                0x08014254      0x1a0 c:/program files (x86)/gnu tools arm embedded/5.4 2016q2/bin/../lib/gcc/arm-none-eabi/5.4.1/../../../../arm-none-eabi/lib/armv7e-m/fpu\libm.a(lib_a-e_sqrt.o)
                0x08014254                __ieee754_sqrt
 .text.__ieee754_atan2f
                0x080143f4      0x16c c:/program files (x86)/gnu tools arm embedded/5.4 2016q2/bin/../lib/gcc/arm-none-eabi/5.4.1/../../../../arm-none-eabi/lib/armv7e-m/fpu\libm.a(lib_a-ef_atan2.o)
                0x080143f4                __ieee754_atan2f
 .text.__ieee754_powf
                0x08014560      0x5fc c:/program files (x86)/gnu tools arm embedded/5.4 2016q2/bin/../lib/gcc/arm-none-eabi/5.4.1/../../../../arm-none-eabi/lib/armv7e-m/fpu\libm.a(lib_a-ef_pow.o)
                0x08014560                __ieee754_powf
 .text.__ieee754_rem_pio2f
                0x08014b5c      0x298 c:/program files (x86)/gnu tools arm embedded/5.4 2016q2/bin/../lib/gcc/arm-none-eabi/5.4.1/../../../../arm-none-eabi/lib/armv7e-m/fpu\libm.a(lib_a-ef_rem_pio2.o)
                0x08014b5c                __ieee754_rem_pio2f
 .text.__ieee754_sqrtf
                0x08014df4       0xa4 c:/program files (x86)/gnu tools arm embedded/5.4 2016q2/bin/../lib/gcc/arm-none-eabi/5.4.1/../../../../arm-none-eabi/lib/armv7e-m/fpu\libm.a(lib_a-ef_sqrt.o)
                0x08014df4                __ieee754_sqrtf
 .text.__kernel_cos
                0x08014e98      0x284 c:/program files (x86)/gnu tools arm embedded/5.4 2016q2/bin/../lib/gcc/arm-none-eabi/5.4.1/../../../../arm-none-eabi/lib/armv7e-m/fpu\libm.a(lib_a-k_cos.o)
                0x08014e98                __kernel_cos
 *fill*         0x0801511c        0x4 
 .text.__kernel_rem_pio2
                0x08015120      0x820 c:/program files (x86)/gnu tools arm embedded/5.4 2016q2/bin/../lib/gcc/arm-none-eabi/5.4.1/../../../../arm-none-eabi/lib/armv7e-m/fpu\libm.a(lib_a-k_rem_pio2.o)
                0x08015120                __kernel_rem_pio2
 .text.__kernel_sin
                0x08015940      0x194 c:/program files (x86)/gnu tools arm embedded/5.4 2016q2/bin/../lib/gcc/arm-none-eabi/5.4.1/../../../../arm-none-eabi/lib/armv7e-m/fpu\libm.a(lib_a-k_sin.o)
                0x08015940                __kernel_sin
 .text.__kernel_cosf
                0x08015ad4      0x104 c:/program files (x86)/gnu tools arm embedded/5.4 2016q2/bin/../lib/gcc/arm-none-eabi/5.4.1/../../../../arm-none-eabi/lib/armv7e-m/fpu\libm.a(lib_a-kf_cos.o)
                0x08015ad4                __kernel_cosf
 .text.__kernel_rem_pio2f
                0x08015bd8      0x630 c:/program files (x86)/gnu tools arm embedded/5.4 2016q2/bin/../lib/gcc/arm-none-eabi/5.4.1/../../../../arm-none-eabi/lib/armv7e-m/fpu\libm.a(lib_a-kf_rem_pio2.o)
                0x08015bd8                __kernel_rem_pio2f
 .text.__kernel_sinf
                0x08016208       0x90 c:/program files (x86)/gnu tools arm embedded/5.4 2016q2/bin/../lib/gcc/arm-none-eabi/5.4.1/../../../../arm-none-eabi/lib/armv7e-m/fpu\libm.a(lib_a-kf_sin.o)
                0x08016208                __kernel_sinf
 .text.fabs     0x08016298       0x10 c:/program files (x86)/gnu tools arm embedded/5.4 2016q2/bin/../lib/gcc/arm-none-eabi/5.4.1/../../../../arm-none-eabi/lib/armv7e-m/fpu\libm.a(lib_a-s_fabs.o)
                0x08016298                fabs
 .text.finite   0x080162a8       0x10 c:/program files (x86)/gnu tools arm embedded/5.4 2016q2/bin/../lib/gcc/arm-none-eabi/5.4.1/../../../../arm-none-eabi/lib/armv7e-m/fpu\libm.a(lib_a-s_finite.o)
                0x080162a8                finite
 .text.floor    0x080162b8      0x120 c:/program files (x86)/gnu tools arm embedded/5.4 2016q2/bin/../lib/gcc/arm-none-eabi/5.4.1/../../../../arm-none-eabi/lib/armv7e-m/fpu\libm.a(lib_a-s_floor.o)
                0x080162b8                floor
 .text.matherr  0x080163d8        0x4 c:/program files (x86)/gnu tools arm embedded/5.4 2016q2/bin/../lib/gcc/arm-none-eabi/5.4.1/../../../../arm-none-eabi/lib/armv7e-m/fpu\libm.a(lib_a-s_matherr.o)
                0x080163d8                matherr
 *fill*         0x080163dc        0x4 
 .text.nan      0x080163e0       0x10 c:/program files (x86)/gnu tools arm embedded/5.4 2016q2/bin/../lib/gcc/arm-none-eabi/5.4.1/../../../../arm-none-eabi/lib/armv7e-m/fpu\libm.a(lib_a-s_nan.o)
                0x080163e0                nan
 .text.rint     0x080163f0      0x128 c:/program files (x86)/gnu tools arm embedded/5.4 2016q2/bin/../lib/gcc/arm-none-eabi/5.4.1/../../../../arm-none-eabi/lib/armv7e-m/fpu\libm.a(lib_a-s_rint.o)
                0x080163f0                rint
 .text.scalbn   0x08016518      0x10c c:/program files (x86)/gnu tools arm embedded/5.4 2016q2/bin/../lib/gcc/arm-none-eabi/5.4.1/../../../../arm-none-eabi/lib/armv7e-m/fpu\libm.a(lib_a-s_scalbn.o)
                0x08016518                scalbn
 .text.atanf    0x08016624      0x1b8 c:/program files (x86)/gnu tools arm embedded/5.4 2016q2/bin/../lib/gcc/arm-none-eabi/5.4.1/../../../../arm-none-eabi/lib/armv7e-m/fpu\libm.a(lib_a-sf_atan.o)
                0x08016624                atanf
 .text.fabsf    0x080167dc       0x10 c:/program files (x86)/gnu tools arm embedded/5.4 2016q2/bin/../lib/gcc/arm-none-eabi/5.4.1/../../../../arm-none-eabi/lib/armv7e-m/fpu\libm.a(lib_a-sf_fabs.o)
                0x080167dc                fabsf
 .text.finitef  0x080167ec       0x14 c:/program files (x86)/gnu tools arm embedded/5.4 2016q2/bin/../lib/gcc/arm-none-eabi/5.4.1/../../../../arm-none-eabi/lib/armv7e-m/fpu\libm.a(lib_a-sf_finite.o)
                0x080167ec                finitef
 .text.floorf   0x08016800       0x90 c:/program files (x86)/gnu tools arm embedded/5.4 2016q2/bin/../lib/gcc/arm-none-eabi/5.4.1/../../../../arm-none-eabi/lib/armv7e-m/fpu\libm.a(lib_a-sf_floor.o)
                0x08016800                floorf
 .text.nanf     0x08016890        0xc c:/program files (x86)/gnu tools arm embedded/5.4 2016q2/bin/../lib/gcc/arm-none-eabi/5.4.1/../../../../arm-none-eabi/lib/armv7e-m/fpu\libm.a(lib_a-sf_nan.o)
                0x08016890                nanf
 .text.scalbnf  0x0801689c       0xd0 c:/program files (x86)/gnu tools arm embedded/5.4 2016q2/bin/../lib/gcc/arm-none-eabi/5.4.1/../../../../arm-none-eabi/lib/armv7e-m/fpu\libm.a(lib_a-sf_scalbn.o)
                0x0801689c                scalbnf
 .text.copysign
                0x0801696c       0x1c c:/program files (x86)/gnu tools arm embedded/5.4 2016q2/bin/../lib/gcc/arm-none-eabi/5.4.1/../../../../arm-none-eabi/lib/armv7e-m/fpu\libm.a(lib_a-s_copysign.o)
                0x0801696c                copysign
 .text.copysignf
                0x08016988       0x18 c:/program files (x86)/gnu tools arm embedded/5.4 2016q2/bin/../lib/gcc/arm-none-eabi/5.4.1/../../../../arm-none-eabi/lib/armv7e-m/fpu\libm.a(lib_a-sf_copysign.o)
                0x08016988                copysignf
 .text          0x080169a0      0x370 c:/program files (x86)/gnu tools arm embedded/5.4 2016q2/bin/../lib/gcc/arm-none-eabi/5.4.1/armv7e-m/fpu\libgcc.a(_arm_addsubdf3.o)
                0x080169a0                __aeabi_drsub
                0x080169a8                __aeabi_dsub
                0x080169a8                __subdf3
                0x080169ac                __aeabi_dadd
                0x080169ac                __adddf3
                0x08016c24                __floatunsidf
                0x08016c24                __aeabi_ui2d
                0x08016c44                __floatsidf
                0x08016c44                __aeabi_i2d
                0x08016c68                __aeabi_f2d
                0x08016c68                __extendsfdf2
                0x08016ca4                __floatundidf
                0x08016ca4                __aeabi_ul2d
                0x08016cb4                __floatdidf
                0x08016cb4                __aeabi_l2d
 .text          0x08016d10      0x424 c:/program files (x86)/gnu tools arm embedded/5.4 2016q2/bin/../lib/gcc/arm-none-eabi/5.4.1/armv7e-m/fpu\libgcc.a(_arm_muldivdf3.o)
                0x08016d10                __aeabi_dmul
                0x08016d10                __muldf3
                0x08016f64                __divdf3
                0x08016f64                __aeabi_ddiv
 .text          0x08017134      0x110 c:/program files (x86)/gnu tools arm embedded/5.4 2016q2/bin/../lib/gcc/arm-none-eabi/5.4.1/armv7e-m/fpu\libgcc.a(_arm_cmpdf2.o)
                0x08017134                __gtdf2
                0x08017134                __gedf2
                0x0801713c                __ltdf2
                0x0801713c                __ledf2
                0x08017144                __nedf2
                0x08017144                __eqdf2
                0x08017144                __cmpdf2
                0x080171c0                __aeabi_cdrcmple
                0x080171d0                __aeabi_cdcmpeq
                0x080171d0                __aeabi_cdcmple
                0x080171e0                __aeabi_dcmpeq
                0x080171f4                __aeabi_dcmplt
                0x08017208                __aeabi_dcmple
                0x0801721c                __aeabi_dcmpge
                0x08017230                __aeabi_dcmpgt
 .text          0x08017244       0x2c c:/program files (x86)/gnu tools arm embedded/5.4 2016q2/bin/../lib/gcc/arm-none-eabi/5.4.1/armv7e-m/fpu\libgcc.a(_arm_unorddf2.o)
                0x08017244                __unorddf2
                0x08017244                __aeabi_dcmpun
 .text          0x08017270       0x50 c:/program files (x86)/gnu tools arm embedded/5.4 2016q2/bin/../lib/gcc/arm-none-eabi/5.4.1/armv7e-m/fpu\libgcc.a(_arm_fixdfsi.o)
                0x08017270                __aeabi_d2iz
                0x08017270                __fixdfsi
 .text          0x080172c0       0xa0 c:/program files (x86)/gnu tools arm embedded/5.4 2016q2/bin/../lib/gcc/arm-none-eabi/5.4.1/armv7e-m/fpu\libgcc.a(_arm_truncdfsf2.o)
                0x080172c0                __truncdfsf2
                0x080172c0                __aeabi_d2f
 .text          0x08017360      0x21c c:/program files (x86)/gnu tools arm embedded/5.4 2016q2/bin/../lib/gcc/arm-none-eabi/5.4.1/armv7e-m/fpu\libgcc.a(_arm_addsubsf3.o)
                0x08017360                __aeabi_frsub
                0x08017368                __subsf3
                0x08017368                __aeabi_fsub
                0x0801736c                __aeabi_fadd
                0x0801736c                __addsf3
                0x080174cc                __aeabi_ui2f
                0x080174cc                __floatunsisf
                0x080174d4                __aeabi_i2f
                0x080174d4                __floatsisf
                0x080174f0                __aeabi_ul2f
                0x080174f0                __floatundisf
                0x08017500                __aeabi_l2f
                0x08017500                __floatdisf
 .text.__errno  0x0801757c        0xc c:/program files (x86)/gnu tools arm embedded/5.4 2016q2/bin/../lib/gcc/arm-none-eabi/5.4.1/../../../../arm-none-eabi/lib/armv7e-m/fpu\libc.a(lib_a-errno.o)
                0x0801757c                __errno
 .text          0x08017588      0x134 c:/program files (x86)/gnu tools arm embedded/5.4 2016q2/bin/../lib/gcc/arm-none-eabi/5.4.1/../../../../arm-none-eabi/lib/armv7e-m/fpu\libc.a(lib_a-memcpy.o)
                0x08017588                memcpy
 .text.memset   0x080176bc       0x9c c:/program files (x86)/gnu tools arm embedded/5.4 2016q2/bin/../lib/gcc/arm-none-eabi/5.4.1/../../../../arm-none-eabi/lib/armv7e-m/fpu\libc.a(lib_a-memset.o)
                0x080176bc                memset
 .text.strcat   0x08017758       0x40 c:/program files (x86)/gnu tools arm embedded/5.4 2016q2/bin/../lib/gcc/arm-none-eabi/5.4.1/../../../../arm-none-eabi/lib/armv7e-m/fpu\libc.a(lib_a-strcat.o)
                0x08017758                strcat
 .text.strcpy   0x08017798       0xbc c:/program files (x86)/gnu tools arm embedded/5.4 2016q2/bin/../lib/gcc/arm-none-eabi/5.4.1/../../../../arm-none-eabi/lib/armv7e-m/fpu\libc.a(lib_a-strcpy.o)
                0x08017798                strcpy
 *fill*         0x08017854       0x2c 
 .text          0x08017880       0xdc c:/program files (x86)/gnu tools arm embedded/5.4 2016q2/bin/../lib/gcc/arm-none-eabi/5.4.1/../../../../arm-none-eabi/lib/armv7e-m/fpu\libc.a(lib_a-strlen.o)
                0x08017880                strlen
 *(.init)
 *(.fini)
 *crtbegin.o(.ctors)
 *crtbegin?.o(.ctors)
 *(EXCLUDE_FILE(*crtend.o *crtend?.o) .ctors)
 *(SORT(.ctors.*))
 *(.ctors)
 *crtbegin.o(.dtors)
 *crtbegin?.o(.dtors)
 *(EXCLUDE_FILE(*crtend.o *crtend?.o) .dtors)
 *(SORT(.dtors.*))
 *(.dtors)
 *(.rodata*)
 .rodata.str1.4
                0x0801795c        0xa ..\obj\USART_TELEMETRY.o
 *fill*         0x08017966        0x2 
 .rodata.str1.4
                0x08017968        0xc ..\obj\MPU6500.o
 .rodata.str1.4
                0x08017974       0x39 ..\obj\main.o
 *fill*         0x080179ad        0x3 
 .rodata.str1.4
                0x080179b0        0xf ..\obj\ADC.o
 *fill*         0x080179bf        0x1 
 .rodata        0x080179c0       0x77 ..\obj\GPS.o
                0x080179c0                command_ubx_38400
                0x080179dc                command_ubx_answ
                0x080179e8                command_5hz
                0x080179f8                command_5hz_answ
                0x08017a00                command_nav_dop
                0x08017a10                command_nav_dop_answ
                0x08017a1c                command_nav_pvt
                0x08017a2c                command_nav_answ
 .rodata.str1.4
                0x08017a37        0xf ..\obj\GPS.o
                                  0x4 (size before relaxing)
 *fill*         0x08017a37        0x1 
 .rodata.str1.4
                0x08017a38        0x5 ..\obj\tasks.o
 *fill*         0x08017a3d        0x3 
 .rodata.str1.4
                0x08017a40       0x25 ..\obj\I2C_BARO_MAG.o
 *fill*         0x08017a65        0x3 
 .rodata.str1.4
                0x08017a68      0x15e ..\obj\LOGS.o
                                0x162 (size before relaxing)
 *fill*         0x08017bc6        0x2 
 .rodata        0x08017bc8      0x4c0 ..\obj\ccsbcs.o
 .rodata        0x08018088       0xbe ..\obj\ff.o
 *fill*         0x08018146        0x2 
 .rodata.str1.4
                0x08018148       0x48 ..\obj\ff.o
 .rodata.str1.4
                0x08018190        0x4 c:/program files (x86)/gnu tools arm embedded/5.4 2016q2/bin/../lib/gcc/arm-none-eabi/5.4.1/../../../../arm-none-eabi/lib/armv7e-m/fpu\libm.a(lib_a-w_pow.o)
 .rodata.str1.4
                0x08018194        0x5 c:/program files (x86)/gnu tools arm embedded/5.4 2016q2/bin/../lib/gcc/arm-none-eabi/5.4.1/../../../../arm-none-eabi/lib/armv7e-m/fpu\libm.a(lib_a-w_sqrt.o)
 *fill*         0x08018199        0x3 
 .rodata.str1.4
                0x0801819c        0x5 c:/program files (x86)/gnu tools arm embedded/5.4 2016q2/bin/../lib/gcc/arm-none-eabi/5.4.1/../../../../arm-none-eabi/lib/armv7e-m/fpu\libm.a(lib_a-wf_pow.o)
 *fill*         0x080181a1        0x3 
 .rodata.str1.4
                0x080181a4        0x6 c:/program files (x86)/gnu tools arm embedded/5.4 2016q2/bin/../lib/gcc/arm-none-eabi/5.4.1/../../../../arm-none-eabi/lib/armv7e-m/fpu\libm.a(lib_a-wf_sqrt.o)
 .rodata.str1.4
                0x080181aa        0x1 c:/program files (x86)/gnu tools arm embedded/5.4 2016q2/bin/../lib/gcc/arm-none-eabi/5.4.1/../../../../arm-none-eabi/lib/armv7e-m/fpu\libm.a(lib_a-e_pow.o)
 *fill*         0x080181aa        0x2 
 .rodata.npio2_hw
                0x080181ac       0x80 c:/program files (x86)/gnu tools arm embedded/5.4 2016q2/bin/../lib/gcc/arm-none-eabi/5.4.1/../../../../arm-none-eabi/lib/armv7e-m/fpu\libm.a(lib_a-e_rem_pio2.o)
 .rodata.two_over_pi
                0x0801822c      0x108 c:/program files (x86)/gnu tools arm embedded/5.4 2016q2/bin/../lib/gcc/arm-none-eabi/5.4.1/../../../../arm-none-eabi/lib/armv7e-m/fpu\libm.a(lib_a-e_rem_pio2.o)
 .rodata.str1.4
                0x08018334        0x1 c:/program files (x86)/gnu tools arm embedded/5.4 2016q2/bin/../lib/gcc/arm-none-eabi/5.4.1/../../../../arm-none-eabi/lib/armv7e-m/fpu\libm.a(lib_a-ef_pow.o)
 .rodata.npio2_hw
                0x08018334       0x80 c:/program files (x86)/gnu tools arm embedded/5.4 2016q2/bin/../lib/gcc/arm-none-eabi/5.4.1/../../../../arm-none-eabi/lib/armv7e-m/fpu\libm.a(lib_a-ef_rem_pio2.o)
 .rodata.two_over_pi
                0x080183b4      0x318 c:/program files (x86)/gnu tools arm embedded/5.4 2016q2/bin/../lib/gcc/arm-none-eabi/5.4.1/../../../../arm-none-eabi/lib/armv7e-m/fpu\libm.a(lib_a-ef_rem_pio2.o)
 .rodata.init_jk
                0x080186cc       0x10 c:/program files (x86)/gnu tools arm embedded/5.4 2016q2/bin/../lib/gcc/arm-none-eabi/5.4.1/../../../../arm-none-eabi/lib/armv7e-m/fpu\libm.a(lib_a-k_rem_pio2.o)
 *fill*         0x080186dc        0x4 
 .rodata.PIo2   0x080186e0       0x40 c:/program files (x86)/gnu tools arm embedded/5.4 2016q2/bin/../lib/gcc/arm-none-eabi/5.4.1/../../../../arm-none-eabi/lib/armv7e-m/fpu\libm.a(lib_a-k_rem_pio2.o)
 .rodata.init_jk
                0x08018720        0xc c:/program files (x86)/gnu tools arm embedded/5.4 2016q2/bin/../lib/gcc/arm-none-eabi/5.4.1/../../../../arm-none-eabi/lib/armv7e-m/fpu\libm.a(lib_a-kf_rem_pio2.o)
 .rodata.PIo2   0x0801872c       0x2c c:/program files (x86)/gnu tools arm embedded/5.4 2016q2/bin/../lib/gcc/arm-none-eabi/5.4.1/../../../../arm-none-eabi/lib/armv7e-m/fpu\libm.a(lib_a-kf_rem_pio2.o)
 .rodata.TWO52  0x08018758       0x10 c:/program files (x86)/gnu tools arm embedded/5.4 2016q2/bin/../lib/gcc/arm-none-eabi/5.4.1/../../../../arm-none-eabi/lib/armv7e-m/fpu\libm.a(lib_a-s_rint.o)
 .rodata.atanlo
                0x08018768       0x10 c:/program files (x86)/gnu tools arm embedded/5.4 2016q2/bin/../lib/gcc/arm-none-eabi/5.4.1/../../../../arm-none-eabi/lib/armv7e-m/fpu\libm.a(lib_a-sf_atan.o)
 .rodata.atanhi
                0x08018778       0x10 c:/program files (x86)/gnu tools arm embedded/5.4 2016q2/bin/../lib/gcc/arm-none-eabi/5.4.1/../../../../arm-none-eabi/lib/armv7e-m/fpu\libm.a(lib_a-sf_atan.o)
 .rodata.str1.4
                0x08018788        0x4 c:/program files (x86)/gnu tools arm embedded/5.4 2016q2/bin/../lib/gcc/arm-none-eabi/5.4.1/../../../../arm-none-eabi/lib/armv7e-m/fpu\libc.a(lib_a-impure.o)
                                  0x2 (size before relaxing)
 *(.eh_fram e*)

.glue_7         0x0801878c        0x0
 .glue_7        0x0801878c        0x0 linker stubs

.glue_7t        0x0801878c        0x0
 .glue_7t       0x0801878c        0x0 linker stubs

.vfp11_veneer   0x0801878c        0x0
 .vfp11_veneer  0x0801878c        0x0 linker stubs

.v4_bx          0x0801878c        0x0
 .v4_bx         0x0801878c        0x0 linker stubs

.iplt           0x0801878c        0x0
 .iplt          0x0801878c        0x0 ..\obj\arm_mat_inverse_f32.o

.rel.dyn        0x0801878c        0x0
 .rel.iplt      0x0801878c        0x0 ..\obj\arm_mat_inverse_f32.o

.ARM.extab
 *(.ARM.extab* .gnu.linkonce.armextab.*)
                0x0801878c                __exidx_start = .

.ARM.exidx
 *(.ARM.exidx* .gnu.linkonce.armexidx.*)
                0x0801878c                __exidx_end = .
                0x0801878c                __etext = .
                0x0801878c                _sidata = __etext

.data           0x20000000      0x54c load address 0x0801878c
                0x20000000                __data_start__ = .
                0x20000000                _sdata = __data_start__
 *(vtable)
 *(.data*)
 .data          0x20000000        0xa ..\obj\main.o
                0x20000000                File_Name_def_han
 *fill*         0x2000000a        0x2 
 .data          0x2000000c       0x10 ..\obj\stm32f4xx_rcc.o
 .data          0x2000001c       0x20 ..\obj\GPS.o
                0x2000001c                GPS_pDopf
                0x20000020                GPS_hAccf
                0x20000024                GPS_vAccf
                0x20000028                GPS_sAccf
                0x2000002c                GPS_tDopf
                0x20000030                GPS_vDopf
                0x20000034                GPS_nDopf
                0x20000038                GPS_eDopf
 .data          0x2000003c        0x8 ..\obj\UKF_lib.o
                0x2000003c                q0
                0x20000040                qmah0
 .data          0x20000044       0x6f ..\obj\LOGS.o
                0x20000044                Dir_Name
                0x20000050                File_Name_pwm
                0x2000005c                File_Name_ppm
                0x20000068                File_Name_adc
                0x20000074                File_Name_baro_mag
                0x20000084                File_Name_gps
                0x20000090                File_Name_ukf
                0x2000009c                File_Name_pid
                0x200000a8                File_Name_flags
 .data          0x200000b3        0x1 ..\obj\spi_sd.o
 .data          0x200000b4       0x58 ..\obj\PID.o
                0x200000b4                KP_ugla_xy
                0x200000b8                KP_rate_xy
                0x200000bc                KI_rate_xy
                0x200000c0                KD_rate_xy
                0x200000c4                f_cut_diff_pid
                0x200000c8                KP_ugla_z
                0x200000cc                KP_rate_z
                0x200000d0                KI_rate_z
                0x200000d4                KD_rate_z
                0x200000d8                KP_Pos_Alt_Z
                0x200000dc                KP_Vel_Alt_Z
                0x200000e0                KD_Vel_Alt_Z
                0x200000e4                f_cut_diff_vel_alt_z
                0x200000e8                f_cut_err_vel_alt_z
                0x200000ec                KI_Vel_Alt_Z
                0x200000f0                KP_Pos_XY
                0x200000f4                KP_Vel_XY
                0x200000f8                KD_Vel_XY
                0x200000fc                f_cut_diff_vel_xy
                0x20000100                f_cut_err_vel_xy
                0x20000104                KI_Vel_XY
                0x20000108                KP_Acc_Alt_Z
 .data          0x2000010c        0x4 ..\obj\port.o
 .data          0x20000110        0xc ..\obj\IMU_INS.o
                0x20000110                temp_sat
                0x20000118                q0_ref_z
 .data.__fdlib_version
                0x2000011c        0x1 c:/program files (x86)/gnu tools arm embedded/5.4 2016q2/bin/../lib/gcc/arm-none-eabi/5.4.1/../../../../arm-none-eabi/lib/armv7e-m/fpu\libm.a(lib_a-s_lib_ver.o)
                0x2000011c                __fdlib_version
 *fill*         0x2000011d        0x3 
 .data.impure_data
                0x20000120      0x428 c:/program files (x86)/gnu tools arm embedded/5.4 2016q2/bin/../lib/gcc/arm-none-eabi/5.4.1/../../../../arm-none-eabi/lib/armv7e-m/fpu\libc.a(lib_a-impure.o)
 .data._impure_ptr
                0x20000548        0x4 c:/program files (x86)/gnu tools arm embedded/5.4 2016q2/bin/../lib/gcc/arm-none-eabi/5.4.1/../../../../arm-none-eabi/lib/armv7e-m/fpu\libc.a(lib_a-impure.o)
                0x20000548                _impure_ptr
                0x2000054c                . = ALIGN (0x4)
                [!provide]                PROVIDE (__preinit_array_start, .)
 *(.preinit_array)
                [!provide]                PROVIDE (__preinit_array_end, .)
                0x2000054c                . = ALIGN (0x4)
                [!provide]                PROVIDE (__init_array_start, .)
 *(SORT(.init_array.*))
 *(.init_array)
                [!provide]                PROVIDE (__init_array_end, .)
                0x2000054c                . = ALIGN (0x4)
                [!provide]                PROVIDE (__fini_array_start, .)
 *(SORT(.fini_array.*))
 *(.fini_array)
                [!provide]                PROVIDE (__fini_array_end, .)
 *(.jcr*)
                0x2000054c                . = ALIGN (0x4)
                0x2000054c                __data_end__ = .
                0x2000054c                _edata = __data_end__

.igot.plt       0x2000054c        0x0 load address 0x08018cd8
 .igot.plt      0x2000054c        0x0 ..\obj\arm_mat_inverse_f32.o

.ccm            0x2000054c     0x5750 load address 0x08018cd8
 .ccm           0x2000054c     0x5750 ..\obj\UKF_lib.o
                0x2000054c                ccmHeap
                0x20005b14                runData
                0x20005c60                DataUKF

.bss            0x20005ca0     0xdf0c load address 0x0801e430
                0x20005ca0                . = ALIGN (0x4)
                0x20005ca0                __bss_start__ = .
                0x20005ca0                _sbss = __bss_start__
 *(.bss*)
 .bss           0x20005ca0     0x5018 ..\obj\heap_4.o
 .bss           0x2000acb8        0xe ..\obj\USART_TELEMETRY.o
                0x2000acb8                xParcel_TX_Semaphore
                0x2000acbc                Send_count_Bluetooth
                0x2000acbd                is_Bluetooth
                0x2000acc4                Send_count_Frsky
                0x2000acc5                is_Frsky
 *fill*         0x2000acc6        0x2 
 .bss           0x2000acc8        0xa ..\obj\MPU6500.o
                0x2000accc                xMPU_Semaphore
                0x2000acd0                mpuid
 *fill*         0x2000acd2        0x2 
 .bss           0x2000acd4       0x31 ..\obj\NAV_POINTS.o
                0x2000acd4                NumPoints
                0x2000acd6                CurrentPoint
                0x2000acd8                flag_first_enter
                0x2000ad04                flag_next_point
 *fill*         0x2000ad05        0x3 
 .bss           0x2000ad08        0x8 ..\obj\plugs.o
                0x2000ad08                flag_ovf_os_stack
 .bss           0x2000ad10       0x14 ..\obj\ADC.o
                0x2000ad10                xADC_Semaphore
 .bss           0x2000ad24       0x25 ..\obj\GPS.o
                0x2000ad24                xGPS_Semaphore
                0x2000ad28                Recieve_W_GPS
                0x2000ad30                flag_start_home
                0x2000ad48                flag_get_pvt
 *fill*         0x2000ad49        0x3 
 .bss           0x2000ad4c       0x28 ..\obj\UKF_lib.o
                0x2000ad58                q1
                0x2000ad5c                q2
                0x2000ad60                q3
                0x2000ad68                qmah3
                0x2000ad6c                qmah2
                0x2000ad70                qmah1
 .bss           0x2000ad74      0x114 ..\obj\tasks.o
                0x2000ae30                pxCurrentTCB
 .bss           0x2000ae88       0x7c ..\obj\I2C_BARO_MAG.o
                0x2000ae9c                xMAG_BARO_Semaphore
 .bss           0x2000af04       0x64 ..\obj\LOGS.o
                0x2000af04                xSD_ADC_collect_Semaphore
                0x2000af08                spi_sd_count_ADC
                0x2000af0c                xSD_UKF_collect_Semaphore
                0x2000af10                spi_sd_count_ukf
                0x2000af14                xSD_PWM_collect_Semaphore
                0x2000af18                spi_sd_count_pwm
                0x2000af1c                xSD_PPM_collect_Semaphore
                0x2000af20                spi_sd_count_ppm
                0x2000af24                xSD_MAG_BARO_collect_Semaphore
                0x2000af28                spi_sd_count_baro_mag
                0x2000af2c                xSD_GPS_collect_Semaphore
                0x2000af30                spi_sd_count_gps
                0x2000af34                xSD_PID_collect_Semaphore
                0x2000af38                spi_sd_count_pid
                0x2000af3c                xSD_FLAGS_collect_Semaphore
                0x2000af40                spi_sd_count_flags
                0x2000af48                spi_sd_count_ukf_fix
                0x2000af4c                spi_sd_count_pid_fix
                0x2000af50                spi_sd_count_pwm_fix
                0x2000af54                spi_sd_count_ppm_fix
                0x2000af58                spi_sd_count_ADC_fix
                0x2000af5c                spi_sd_count_baro_mag_fix
                0x2000af60                spi_sd_count_gps_fix
                0x2000af64                spi_sd_count_flags_fix
 .bss           0x2000af68        0xb ..\obj\spi_sd.o
                0x2000af72                SDHC
 *fill*         0x2000af73        0x1 
 .bss           0x2000af74       0x8c ..\obj\PID.o
                0x2000af74                KI_ugla_xy
                0x2000afa8                KI_ugla_z
                0x2000aff4                KD_Acc_Alt_Z
                0x2000aff8                KD_ugla_z
                0x2000affc                KD_ugla_xy
 .bss           0x2000b000       0x68 ..\obj\IMU_INS.o
                0x2000b00c                q3_ref_z
                0x2000b024                alt_offset
                0x2000b064                xUKF_Semaphore
 .bss           0x2000b068       0x36 ..\obj\ff.o
 *fill*         0x2000b09e        0x2 
 .bss           0x2000b0a0       0x28 ..\obj\PWM_PPM.o
                0x2000b0b6                flagSavePoint
 .bss           0x2000b0c8       0x10 ..\obj\Buzzer.o
 *(COMMON)
 COMMON         0x2000b0d8      0x25c ..\obj\USART_TELEMETRY.o
                0x2000b0d8                StateNavUKF
                0x2000b0dc                ovf_full_stack
                0x2000b0e0                Recieve_buf_Bluetooth_last
                0x2000b0ec                Send_buf_Bluetooth
                0x2000b1ec                counter_sys
                0x2000b1f0                Mode
                0x2000b1f4                uart_tx
                0x2000b1f8                Recieve_count_Bluetooth
                0x2000b1fc                main_stack
                0x2000b200                Recieve_buf_Bluetooth
                0x2000b20c                xMPU_UKF_Mutex
                0x2000b210                uart_rx
                0x2000b214                cnt_irq_tx_frsky
                0x2000b215                supervisorState
                0x2000b218                Recieve_buf_Frsky
                0x2000b224                xUKF_PID_Mutex
                0x2000b228                Recieve_buf_Frsky_last
                0x2000b234                Send_buf_Frsky
                0x2000b333                Recieve_count_Frsky
 COMMON         0x2000b334       0x22 ..\obj\MPU6500.o
                0x2000b334                spi_counter_byte
                0x2000b338                counter_work_int_exti
                0x2000b33c                counter_work_int_spi
                0x2000b340                ins_handle
                0x2000b344                Err_MPU
                0x2000b348                MPU_buff
 *fill*         0x2000b356        0x2 
 COMMON         0x2000b358      0x22c ..\obj\main.o
                0x2000b358                dwt_cnt
                0x2000b35c                nWritten_def_han
                0x2000b360                file_def_han
 COMMON         0x2000b584      0x128 ..\obj\NAV_POINTS.o
                0x2000b584                currentPol
                0x2000b5b8                ArrayPoints
                0x2000b6a8                usOffset
 COMMON         0x2000b6ac       0x3c ..\obj\ADC.o
                0x2000b6ac                adc_handle
                0x2000b6b0                ovf_adc_stack
                0x2000b6b4                cnt_cycle_adc
                0x2000b6b8                All_capacity_batt
                0x2000b6bc                All_voltage
                0x2000b6c0                cnt_ticks_adc
                0x2000b6c4                All_action
                0x2000b6c8                sys_adc_buf
                0x2000b6d4                All_percent_cap
                0x2000b6d8                All_power
                0x2000b6dc                All_Current
                0x2000b6e0                All_voltage_smooth
                0x2000b6e4                xADC_Mutex
 COMMON         0x2000b6e8      0x159 ..\obj\GPS.o
                0x2000b6e8                GPS_course
                0x2000b6ec                GPS_alt_cmp
                0x2000b6f0                GPS_vDop
                0x2000b6f4                GPS_alt
                0x2000b6f8                GPS_X_speed
                0x2000b6fc                GPS_day
                0x2000b700                GPS_X_home
                0x2000b704                Recieve_buf_GPS
                0x2000b7cc                GPS_fix_type
                0x2000b7ce                GPS_eDop
                0x2000b7d0                GPS_lat
                0x2000b7d4                GPS_Y_speed
                0x2000b7d8                GPS_Y
                0x2000b7dc                GPS_tDop
                0x2000b7de                GPS_valid_invalid
                0x2000b7e0                gps_handle
                0x2000b7e4                GPS_seconds
                0x2000b7e8                cnt_cycle_gps
                0x2000b7ec                GPS_vel
                0x2000b7f0                xGPS_UKF_Mutex
                0x2000b7f4                GPS_Y_cmp
                0x2000b7f8                GPS_Z_speed
                0x2000b7fc                cnt_ticks_gps
                0x2000b800                GPS_sAcc
                0x2000b804                GPS_nDop
                0x2000b808                GPS_Micros_Update
                0x2000b80c                GPS_Y_home
                0x2000b810                GPS_minutes
                0x2000b811                chksumA
                0x2000b814                GPS_X_cmp
                0x2000b818                GPS_LA
                0x2000b81c                GPS_X
                0x2000b820                GPS_hours
                0x2000b824                GPS_vAcc
                0x2000b828                GPS_LO
                0x2000b82c                GPS_lon
                0x2000b830                GPS_year
                0x2000b832                chksumB
                0x2000b834                GPS_hAcc
                0x2000b838                GPS_satellits
                0x2000b83c                ovf_gps_stack
                0x2000b840                GPS_month
 *fill*         0x2000b841        0x3 
 COMMON         0x2000b844      0xdd8 ..\obj\UKF_lib.o
                0x2000b844                cclinVelZ
                0x2000b848                flag_out_SRAM
                0x2000b84c                adrmatrix_Sx
                0x2000b850                axisz
                0x2000b854                navUkfData
                0x2000c46c                altUkfData
                0x2000c474                cclinVelY
                0x2000c478                adrmatrix_Sy
                0x2000c47c                ccVelY
                0x2000c480                ccglobPosY
                0x2000c484                ccPosX
                0x2000c488                matrix_Pxy
                0x2000c4dc                adrLastMatrix
                0x2000c4e0                axisy
                0x2000c4e4                ccglobPosX
                0x2000c4e8                gzbias
                0x2000c4ec                dataSramUsed
                0x2000c4f0                yaw_start
                0x2000c4f4                gxbias
                0x2000c4f8                matrix_Sy
                0x2000c51c                adrmatrix_Pxy
                0x2000c520                matrix_Sx
                0x2000c5e4                flag_start_state_init
                0x2000c5e8                ccVelZ
                0x2000c5ec                ccGlobLinVelX
                0x2000c5f0                Histindex_gyr
                0x2000c5f4                ccVelX
                0x2000c5f8                gybias
                0x2000c5fc                cclinVelX
                0x2000c600                ccPosZ
                0x2000c604                kal
                0x2000c608                ccGlobLinVelZ
                0x2000c60c                axisx
                0x2000c610                ccglobPosZ
                0x2000c614                ccPosY
                0x2000c618                ccGlobLinVelY
 COMMON         0x2000c61c       0x98 ..\obj\I2C_BARO_MAG.o
                0x2000c61c                i2c_buf_mag
                0x2000c624                err_num_i2c_def
                0x2000c626                C1
                0x2000c628                i2c_cnt
                0x2000c62c                cnt_cycle_baro
                0x2000c630                flag_err_i2c
                0x2000c632                err_num_i2c_line
                0x2000c634                manufactura
                0x2000c638                i2c_buf
                0x2000c648                Temperature
                0x2000c64c                C3
                0x2000c650                cnt_ticks_mag
                0x2000c654                cnt_cycle_mag
                0x2000c658                flag_start_home_baro
                0x2000c65c                mxf
                0x2000c660                i2c_buf_baro
                0x2000c668                M_Z
                0x2000c66c                i2c_inx
                0x2000c66e                my
                0x2000c670                cnt_ticks_baro
                0x2000c674                crc
                0x2000c678                Altitude
                0x2000c67c                C2
                0x2000c67e                Err_Baro
                0x2000c680                ovf_mag_baro_stack
                0x2000c684                M_X
                0x2000c688                C6
                0x2000c68c                M_Y
                0x2000c690                myf
                0x2000c694                i2c_dev_adr
                0x2000c695                Err_Mag
                0x2000c698                xBAROMAG_UKF_Mutex
                0x2000c69c                compass_not_health
                0x2000c69d                Flag_bar_temper
                0x2000c69e                mz
                0x2000c6a0                C5
                0x2000c6a2                C4
                0x2000c6a4                mag_baro_handle
                0x2000c6a8                Pressure
                0x2000c6ac                baro_not_health
                0x2000c6ae                mx
                0x2000c6b0                mzf
 COMMON         0x2000c6b4     0x7364 ..\obj\LOGS.o
                0x2000c6b4                ovf_sd_sbor_mag_baro_stack
                0x2000c6b8                ovf_sd_sbor_ukf_stack
                0x2000c6bc                Num_of_files
                0x2000c6c0                nWritten_ppm
                0x2000c6c4                fileInfo
                0x2000c6e4                buf_num_of_files
                0x2000c6f0                ovf_sd_sbor_pid_stack
                0x2000c6f4                nWritten_pwm
                0x2000c6f8                buf_pid
                0x2000f380                err_sync
                0x2000f384                ovf_sd_sbor_adc_stack
                0x2000f388                file_ppm
                0x2000f5ac                err_write
                0x2000f5b0                dirInfo
                0x2000f5d0                buf_ukf
                0x200101c4                cnt_cycle_sd_write
                0x200101c8                buf_gps
                0x20010648                Num_of_dir
                0x2001064c                file_flags
                0x20010870                sd_sbor_mag_baro_handle
                0x20010874                ovf_sd_trans_stack
                0x20010878                file_baro_mag
                0x20010a9c                sd_trans_handle
                0x20010aa0                sd_sbor_ppm_handle
                0x20010aa4                cnt_ticks_sd_write
                0x20010aa8                nWritten_flags
                0x20010aac                counter_sys_logs_file_close1
                0x20010ab0                FATFS_Obj
                0x20010ce8                nWritten_baro_mag
                0x20010cec                ovf_sd_sbor_gps_stack
                0x20010cf0                err_mount
                0x20010cf4                ovf_sd_sbor_ppm_stack
                0x20010cf8                counter_sys_logs_file_close3
                0x20010cfc                ovf_sd_sbor_flags_stack
                0x20010d00                ovf_sd_sbor_pwm_stack
                0x20010d04                err_write_dan
                0x20010d08                buf_pwm
                0x20011348                nWritten_pid
                0x2001134c                sd_sbor_pwm_handle
                0x20011350                buf_baro_mag
                0x20012228                err_chkdir
                0x2001222c                nWritten_ukf
                0x20012230                file_adc
                0x20012454                file_pid
                0x20012678                sd_sbor_adc_handle
                0x2001267c                buf_num_of_dir
                0x20012688                file_gps
                0x200128ac                dir
                0x200128d0                err_num
                0x200128d2                Num_of_files1
                0x200128d4                nWritten_gps
                0x200128d8                sd_sbor_pid_handle
                0x200128dc                err_read
                0x200128e0                buf_ppm
                0x20012ca0                sd_sbor_flags_handle
                0x20012ca4                buf_ADC_res
                0x20013424                file_pwm
                0x20013648                counter_sys_logs_file_close2
                0x2001364c                SD_ff
                0x20013650                sd_sbor_ukf_handle
                0x20013654                nWritten_adc